Component: ARM Compiler 5.05 update 2 (build 169) Tool: armlink [4d0f33]

==============================================================================

Section Cross References

    main.o(.text) refers to stm32f4xx_hal_rcc.o(.text) for HAL_RCC_OscConfig
    main.o(.text) refers to rt_cmsis.o(i.osSemaphoreCreate) for osSemaphoreCreate
    main.o(.text) refers to rt_cmsis.o(i.osKernelInitialize) for osKernelInitialize
    main.o(.text) refers to stm32f4xx_hal.o(.text) for HAL_Init
    main.o(.text) refers to thread_7_segment.o(.text) for initializeSevenSegmentsThread
    main.o(.text) refers to thread_accelerometer.o(.text) for initializeAccThread
    main.o(.text) refers to thread_temperature.o(.text) for initializeTemperatureThread
    main.o(.text) refers to thread_keypad.o(.text) for initializeKeypadThread
    main.o(.text) refers to rt_cmsis.o(i.osKernelStart) for osKernelStart
    main.o(.text) refers to rt_cmsis.o(i.osSemaphoreRelease) for osSemaphoreRelease
    main.o(.text) refers to segments.o(.text) for Reset_Display
    main.o(.text) refers to rt_time.o(.data) for os_time
    main.o(.text) refers to main.o(.constdata) for os_semaphore_def_semKeypad
    main.o(.text) refers to main.o(.data) for semKeypad
    main.o(.text) refers to thread_temperature.o(.data) for RAISE_THE_ALARM
    main.o(.text) refers to thread_accelerometer.o(.data) for Pitch
    main.o(.constdata) refers to main.o(.data) for os_semaphore_cb_semTemperature
    thread_led.o(.text) refers to rt_cmsis.o(i.osThreadCreate) for osThreadCreate
    thread_led.o(.text) refers to rt_cmsis.o(i.osDelay) for osDelay
    thread_led.o(.text) refers to stm32f4xx_hal_gpio.o(.text) for HAL_GPIO_TogglePin
    thread_led.o(.text) refers to thread_led.o(.constdata) for os_thread_def_Thread_LED
    thread_led.o(.text) refers to thread_led.o(.data) for tid_Thread_LED
    thread_led.o(.text) refers to thread_led.o(.bss) for LED_configuration
    thread_led.o(.constdata) refers to thread_led.o(.text) for Thread_LED
    supporting_functions.o(.text) refers to printfb.o(i.__0printf$bare) for __2printf
    configure.o(.text) refers to stm32f4xx_hal_adc.o(.text) for HAL_ADC_Init
    configure.o(.text) refers to supporting_functions.o(.text) for Error_Handler
    configure.o(.text) refers to memcpya.o(.text) for __aeabi_memcpy4
    configure.o(.text) refers to stm32f4xx_hal_tim.o(.text) for HAL_TIM_Base_MspInit
    configure.o(.text) refers to stm32f4xx_hal_cortex.o(.text) for HAL_NVIC_EnableIRQ
    configure.o(.text) refers to stm32f4xx_hal_gpio.o(.text) for HAL_GPIO_Init
    configure.o(.text) refers to lis3dsh.o(.text) for LIS3DSH_Init
    configure.o(.text) refers to configure.o(.bss) for ADC1_Handle
    configure.o(.text) refers to configure.o(.data) for LIS3DSH_InitStruct
    keypad.o(.text) refers to stm32f4xx_hal_gpio.o(.text) for HAL_GPIO_Init
    keypad.o(.text) refers to keypad.o(.bss) for Rows
    segments.o(.text) refers to stm32f4xx_hal_gpio.o(.text) for HAL_GPIO_WritePin
    thread_7_segment.o(.text) refers to rt_cmsis.o(i.osThreadCreate) for osThreadCreate
    thread_7_segment.o(.text) refers to segments.o(.text) for Reset_Display
    thread_7_segment.o(.text) refers to f2d.o(.text) for __aeabi_f2d
    thread_7_segment.o(.text) refers to ddiv.o(.text) for __aeabi_ddiv
    thread_7_segment.o(.text) refers to d2f.o(.text) for __aeabi_d2f
    thread_7_segment.o(.text) refers to rt_cmsis.o(i.osSemaphoreWait) for osSemaphoreWait
    thread_7_segment.o(.text) refers to configure.o(.text) for configureSevenSegmentTimer
    thread_7_segment.o(.text) refers to stm32f4xx_hal_tim.o(.text) for HAL_TIM_IRQHandler
    thread_7_segment.o(.text) refers to thread_7_segment.o(.constdata) for os_thread_def_Thread_SevenSegments
    thread_7_segment.o(.text) refers to thread_7_segment.o(.data) for tid_Thread_SevenSegments
    thread_7_segment.o(.text) refers to main.o(.data) for DISPLAY_VALUE
    thread_7_segment.o(.text) refers to configure.o(.bss) for TIM_3
    thread_7_segment.o(.constdata) refers to thread_7_segment.o(.text) for Thread_SevenSegments
    thread_accelerometer.o(.text) refers to rt_cmsis.o(i.osThreadCreate) for osThreadCreate
    thread_accelerometer.o(.text) refers to lis3dsh.o(.text) for LIS3DSH_ReadACC
    thread_accelerometer.o(.text) refers to kalman_filter.o(.text) for kalmanFilter
    thread_accelerometer.o(.text) refers to f2d.o(.text) for __aeabi_f2d
    thread_accelerometer.o(.text) refers to atan2.o(i.__hardfp_atan2) for __hardfp_atan2
    thread_accelerometer.o(.text) refers to dmul.o(.text) for __aeabi_dmul
    thread_accelerometer.o(.text) refers to ddiv.o(.text) for __aeabi_ddiv
    thread_accelerometer.o(.text) refers to d2f.o(.text) for __aeabi_d2f
    thread_accelerometer.o(.text) refers to rt_cmsis.o(i.osSemaphoreWait) for osSemaphoreWait
    thread_accelerometer.o(.text) refers to configure.o(.text) for configLISD3SH
    thread_accelerometer.o(.text) refers to stm32f4xx_hal_gpio.o(.text) for HAL_GPIO_EXTI_IRQHandler
[...]
    .data                                    0x20000118   Section        1  hal_cm.o(.data)
    .data                                    0x2000011c   Section        8  rt_robin.o(.data)
    .data                                    0x20000124   Section        4  stdout.o(.data)
    .bss                                     0x20000128   Section      288  configure.o(.bss)
    .bss                                     0x20000248   Section       40  keypad.o(.bss)
    .bss                                     0x20000270   Section       60  thread_accelerometer.o(.bss)
    .bss                                     0x200002ac   Section       20  thread_temperature.o(.bss)
    .bss                                     0x200002c0   Section       88  lis3dsh.o(.bss)
    .bss                                     0x20000318   Section     6640  rtx_conf_cm.o(.bss)
    .bss                                     0x20001d08   Section       52  rt_task.o(.bss)
    .bss                                     0x20001d3c   Section       48  rt_list.o(.bss)
    STACK                                    0x20001d70   Section     1024  startup_stm32f407xx.o(STACK)

    Global Symbols

    Symbol Name                              Value     Ov Type        Size  Object(Section)

    BuildAttributes$$THM_ISAv4$E$P$D$K$B$S$7EM$VFPi3$EXTD16$VFPS$VFMA$PE$A:L22UL41UL21$X:L11$S22US41US21$IEEE1$IW$USESV6$~STKCKD$USESV7$~SHL$OTIME$ROPI$IEEEX$EBA8$MICROLIB$REQ8$PRES8$EABIv2 0x00000000   Number         0  anon$$obj.o ABSOLUTE
    __ARM_use_no_argv                        0x00000000   Number         0  main.o ABSOLUTE
    __cpp_initialize__aeabi_                  - Undefined Weak Reference
    __cxa_finalize                            - Undefined Weak Reference
    __decompress                              - Undefined Weak Reference
    _clock_init                               - Undefined Weak Reference
    _microlib_exit                            - Undefined Weak Reference
    __Vectors_Size                           0x00000188   Number         0  startup_stm32f407xx.o ABSOLUTE
    __RL_RTX_VER                             0x00000480   Number         0  rt_system.o ABSOLUTE
    __Vectors                                0x08000000   Data           4  startup_stm32f407xx.o(RESET)
    __Vectors_End                            0x08000188   Data           0  startup_stm32f407xx.o(RESET)
    __main                                   0x08000189   Thumb Code     0  entry.o(.ARM.Collect$$$$00000000)
    _main_stk                                0x08000189   Thumb Code     0  entry2.o(.ARM.Collect$$$$00000001)
    _main_scatterload                        0x0800018d   Thumb Code     0  entry5.o(.ARM.Collect$$$$00000004)
    __main_after_scatterload                 0x08000191   Thumb Code     0  entry5.o(.ARM.Collect$$$$00000004)
    __rt_final_cpp                           0x08000191   Thumb Code     0  entry10a.o(.ARM.Collect$$$$0000000D)
    __rt_final_exit                          0x08000191   Thumb Code     0  entry11a.o(.ARM.Collect$$$$0000000F)
    _main_clock                              0x08000191   Thumb Code     0  entry7b.o(.ARM.Collect$$$$00000008)
    _main_cpp_init                           0x08000191   Thumb Code     0  entry8b.o(.ARM.Collect$$$$0000000A)
    _main_init                               0x08000191   Thumb Code    18  rtx_conf_cm.o(.ARM.Collect$$$$000000FF)
    rt_set_PSP                               0x080001ad   Thumb Code     6  hal_cm4.o(.emb_text)
    rt_get_PSP                               0x080001b3   Thumb Code     6  hal_cm4.o(.emb_text)
    os_set_env                               0x080001b9   Thumb Code    24  hal_cm4.o(.emb_text)
    _alloc_box                               0x080001d5   Thumb Code    28  hal_cm4.o(.emb_text)
    _free_box                                0x080001f5   Thumb Code    28  hal_cm4.o(.emb_text)
    SVC_Handler                              0x08000215   Thumb Code   168  hal_cm4.o(.emb_text)
    PendSV_Handler                           0x080002cd   Thumb Code    96  hal_cm4.o(.emb_text)
    SysTick_Handler                          0x08000331   Thumb Code     8  hal_cm4.o(.emb_text)
    OS_Tick_Handler                          0x08000339   Thumb Code    12  hal_cm4.o(.emb_text)
    HAL_GetTick                              0x08000345   Thumb Code     6  main.o(.text)
    SystemClock_Config                       0x0800034b   Thumb Code   142  main.o(.text)
    initKeypadSemaphore                      0x080003d9   Thumb Code    16  main.o(.text)
    initAccSemaphore                         0x080003e9   Thumb Code    16  main.o(.text)
    initSevenSegmentSemaphore                0x080003f9   Thumb Code    16  main.o(.text)
    initTemperatureSemaphore                 0x08000409   Thumb Code    16  main.o(.text)
    main                                     0x08000419   Thumb Code    70  main.o(.text)
    HAL_TIM_PeriodElapsedCallback            0x0800045f   Thumb Code   206  main.o(.text)
    HAL_GPIO_EXTI_Callback                   0x0800052d   Thumb Code    18  main.o(.text)
    Error_Handler                            0x0800059d   Thumb Code    78  supporting_functions.o(.text)
    configADC                                0x0800071d   Thumb Code   134  configure.o(.text)
    configureKeypadTimer                     0x080007a3   Thumb Code   132  configure.o(.text)
    configureTemperatureTimer                0x08000827   Thumb Code   128  configure.o(.text)
    configureSevenSegmentTimer               0x080008a7   Thumb Code   126  configure.o(.text)
    configTimer                              0x08000925   Thumb Code    16  configure.o(.text)
    configSegmentPins                        0x08000935   Thumb Code   122  configure.o(.text)
    configLISD3SH                            0x080009af   Thumb Code    80  configure.o(.text)
    configGPIOE                              0x080009ff   Thumb Code    68  configure.o(.text)
    configure                                0x08000a43   Thumb Code    24  configure.o(.text)
    fputc                                    0x08000a95   Thumb Code    52  fput_debug.o(.text)
    rows                                     0x08000acd   Thumb Code   116  keypad.o(.text)
    columns                                  0x08000b41   Thumb Code   116  keypad.o(.text)
    Get_Digit_In_Place                       0x08000bc9   Thumb Code    36  segments.o(.text)
    Display_Digit_At_Pos                     0x08000bed   Thumb Code   704  segments.o(.text)
    Reset_Display                            0x08000ead   Thumb Code   146  segments.o(.text)
    ClearDecimal                             0x08000f3f   Thumb Code    16  segments.o(.text)
    AddDecimal                               0x08000f4f   Thumb Code    14  segments.o(.text)
    AddCelsius                               0x08000f5d   Thumb Code    14  segments.o(.text)
    ClearCelsius                             0x08000f6b   Thumb Code    16  segments.o(.text)
    start_Thread_SevenSegments               0x08000f85   Thumb Code    30  thread_7_segment.o(.text)
    displayValue                             0x08000fa3   Thumb Code   218  thread_7_segment.o(.text)
    getNewValue                              0x0800107d   Thumb Code   404  thread_7_segment.o(.text)
    Thread_SevenSegments                     0x08001211   Thumb Code    30  thread_7_segment.o(.text)
    configureTIM3Timer                       0x0800122f   Thumb Code     8  thread_7_segment.o(.text)
    configureSegmentPins                     0x08001237   Thumb Code     8  thread_7_segment.o(.text)
    initializeSevenSegmentsThread            0x0800123f   Thumb Code    12  thread_7_segment.o(.text)
    TIM3_IRQHandler                          0x0800124b   Thumb Code    10  thread_7_segment.o(.text)
    start_Thread_Acc                         0x08001289   Thumb Code    30  thread_accelerometer.o(.text)
    multiplyMatrix                           0x080012a7   Thumb Code   132  thread_accelerometer.o(.text)
    readAccelerometerData                    0x0800132b   Thumb Code   304  thread_accelerometer.o(.text)
    Thread_Acc                               0x0800145b   Thumb Code    20  thread_accelerometer.o(.text)
    configureAcc                             0x0800146f   Thumb Code     8  thread_accelerometer.o(.text)
    configureGPIOE                           0x08001477   Thumb Code     8  thread_accelerometer.o(.text)
    initializeAccThread                      0x0800147f   Thumb Code   138  thread_accelerometer.o(.text)
    EXTI0_IRQHandler                         0x08001509   Thumb Code    10  thread_accelerometer.o(.text)
    start_Thread_Keypad                      0x08001555   Thumb Code    30  thread_keypad.o(.text)
    Thread_Keypad                            0x08001573   Thumb Code   184  thread_keypad.o(.text)
    initializeKeypadThread                   0x0800162b   Thumb Code    12  thread_keypad.o(.text)
    TIM4_IRQHandler                          0x08001637   Thumb Code    10  thread_keypad.o(.text)
    start_Thread_Temperature                 0x0800166d   Thumb Code    30  thread_temperature.o(.text)
    Convert_Voltage_To_Temperature           0x0800168b   Thumb Code   158  thread_temperature.o(.text)
    Thread_Temperature                       0x08001729   Thumb Code   102  thread_temperature.o(.text)
    initializeTemperatureThread              0x0800178f   Thumb Code    54  thread_temperature.o(.text)
    TIM2_IRQHandler                          0x080017c5   Thumb Code    10  thread_temperature.o(.text)
    kalmanFilter                             0x0800181d   Thumb Code   132  kalman_filter.o(.text)
    SPI_ReceiveData                          0x080018a1   Thumb Code    10  lis3dsh.o(.text)
    LIS3DSH_TIMEOUT_UserCallback             0x080018ab   Thumb Code     4  lis3dsh.o(.text)
    SPI_SendData                             0x080018af   Thumb Code     6  lis3dsh.o(.text)
    LIS3DSH_Write                            0x08001921   Thumb Code    62  lis3dsh.o(.text)
    LIS3DSH_Init                             0x0800195f   Thumb Code   170  lis3dsh.o(.text)
    LIS3DSH_Read                             0x08001a09   Thumb Code    70  lis3dsh.o(.text)
    LIS3DSH_DataReadyInterruptConfig         0x08001a4f   Thumb Code    42  lis3dsh.o(.text)
    LIS3DSH_LowpowerCmd                      0x08001a79   Thumb Code    40  lis3dsh.o(.text)
    LIS3DSH_DataRateCmd                      0x08001aa1   Thumb Code    44  lis3dsh.o(.text)
    LIS3DSH_FullScaleCmd                     0x08001acd   Thumb Code    44  lis3dsh.o(.text)
    LIS3DSH_ReadACC                          0x08001af9   Thumb Code   628  lis3dsh.o(.text)
    HAL_SPI_MspInit                          0x08001d6d   Thumb Code   218  lis3dsh.o(.text)
    os_idle_demon                            0x08001e61   Thumb Code     4  rtx_conf_cm.o(.text)
    os_error                                 0x08001e65   Thumb Code    34  rtx_conf_cm.o(.text)
    HAL_MspInit                              0x08001e89   Thumb Code    10  stm32f4xx_hal.o(.text)
    HAL_InitTick                             0x08001e93   Thumb Code    36  stm32f4xx_hal.o(.text)
    HAL_Init                                 0x08001eb7   Thumb Code    54  stm32f4xx_hal.o(.text)
    HAL_MspDeInit                            0x08001eed   Thumb Code    10  stm32f4xx_hal.o(.text)
    HAL_DeInit                               0x08001ef7   Thumb Code    64  stm32f4xx_hal.o(.text)
    HAL_IncTick                              0x08001f37   Thumb Code    12  stm32f4xx_hal.o(.text)
    HAL_Delay                                0x08001f49   Thumb Code    26  stm32f4xx_hal.o(.text)
    HAL_SuspendTick                          0x08001f63   Thumb Code    18  stm32f4xx_hal.o(.text)
    HAL_ResumeTick                           0x08001f75   Thumb Code    18  stm32f4xx_hal.o(.text)
    HAL_GetHalVersion                        0x08001f87   Thumb Code     4  stm32f4xx_hal.o(.text)
    HAL_GetREVID                             0x08001f8b   Thumb Code     8  stm32f4xx_hal.o(.text)
    HAL_GetDEVID                             0x08001f93   Thumb Code    10  stm32f4xx_hal.o(.text)
    HAL_DBGMCU_EnableDBGSleepMode            0x08001f9d   Thumb Code    14  stm32f4xx_hal.o(.text)
    HAL_DBGMCU_DisableDBGSleepMode           0x08001fab   Thumb Code    14  stm32f4xx_hal.o(.text)
    HAL_DBGMCU_EnableDBGStopMode             0x08001fb9   Thumb Code    14  stm32f4xx_hal.o(.text)
    HAL_DBGMCU_DisableDBGStopMode            0x08001fc7   Thumb Code    14  stm32f4xx_hal.o(.text)
    HAL_DBGMCU_EnableDBGStandbyMode          0x08001fd5   Thumb Code    14  stm32f4xx_hal.o(.text)
    HAL_DBGMCU_DisableDBGStandbyMode         0x08001fe3   Thumb Code    14  stm32f4xx_hal.o(.text)
    HAL_EnableCompensationCell               0x08001ff1   Thumb Code    22  stm32f4xx_hal.o(.text)
    HAL_DisableCompensationCell              0x08002007   Thumb Code    24  stm32f4xx_hal.o(.text)
    HAL_ADC_MspInit                          0x080021a3   Thumb Code     2  stm32f4xx_hal_adc.o(.text)
    HAL_ADC_Init                             0x080021a5   Thumb Code    74  stm32f4xx_hal_adc.o(.text)
    HAL_ADC_MspDeInit                        0x080021ef   Thumb Code     2  stm32f4xx_hal_adc.o(.text)
    HAL_ADC_DeInit                           0x080021f1   Thumb Code    34  stm32f4xx_hal_adc.o(.text)
    HAL_ADC_Start                            0x08002213   Thumb Code   182  stm32f4xx_hal_adc.o(.text)
    HAL_ADC_Stop                             0x080022c9   Thumb Code    24  stm32f4xx_hal_adc.o(.text)
    HAL_ADC_PollForConversion                0x080022e1   Thumb Code   130  stm32f4xx_hal_adc.o(.text)
    HAL_ADC_PollForEvent                     0x08002363   Thumb Code   104  stm32f4xx_hal_adc.o(.text)
    HAL_ADC_Start_IT                         0x080023cb   Thumb Code   232  stm32f4xx_hal_adc.o(.text)
    HAL_ADC_Stop_IT                          0x080024b3   Thumb Code    48  stm32f4xx_hal_adc.o(.text)
    HAL_ADC_ErrorCallback                    0x080024e3   Thumb Code     2  stm32f4xx_hal_adc.o(.text)
    HAL_ADC_LevelOutOfWindowCallback         0x080024e5   Thumb Code     2  stm32f4xx_hal_adc.o(.text)
    HAL_ADC_ConvCpltCallback                 0x080024e7   Thumb Code     2  stm32f4xx_hal_adc.o(.text)
    HAL_ADC_IRQHandler                       0x080024e9   Thumb Code   348  stm32f4xx_hal_adc.o(.text)
    HAL_ADC_ConvHalfCpltCallback             0x08002661   Thumb Code     2  stm32f4xx_hal_adc.o(.text)
    HAL_ADC_Start_DMA                        0x08002695   Thumb Code   186  stm32f4xx_hal_adc.o(.text)
    HAL_ADC_Stop_DMA                         0x0800274f   Thumb Code    56  stm32f4xx_hal_adc.o(.text)
    HAL_ADC_GetValue                         0x08002787   Thumb Code     8  stm32f4xx_hal_adc.o(.text)
    HAL_ADC_ConfigChannel                    0x0800278f   Thumb Code   416  stm32f4xx_hal_adc.o(.text)
    HAL_ADC_AnalogWDGConfig                  0x0800292f   Thumb Code   132  stm32f4xx_hal_adc.o(.text)
    HAL_ADC_GetState                         0x080029b3   Thumb Code     8  stm32f4xx_hal_adc.o(.text)
    HAL_ADC_GetError                         0x080029bb   Thumb Code     6  stm32f4xx_hal_adc.o(.text)
    HAL_ADCEx_InjectedStart                  0x080029d5   Thumb Code   230  stm32f4xx_hal_adc_ex.o(.text)
    HAL_ADCEx_InjectedStart_IT               0x08002abb   Thumb Code   258  stm32f4xx_hal_adc_ex.o(.text)
    HAL_ADCEx_InjectedStop                   0x08002bbd   Thumb Code    24  stm32f4xx_hal_adc_ex.o(.text)
    HAL_ADCEx_InjectedPollForConversion      0x08002bd5   Thumb Code    90  stm32f4xx_hal_adc_ex.o(.text)
    HAL_ADCEx_InjectedStop_IT                0x08002c2f   Thumb Code    48  stm32f4xx_hal_adc_ex.o(.text)
    HAL_ADCEx_InjectedGetValue               0x08002c5f   Thumb Code    70  stm32f4xx_hal_adc_ex.o(.text)
    HAL_ADCEx_MultiModeStart_DMA             0x08002cf3   Thumb Code   206  stm32f4xx_hal_adc_ex.o(.text)
    HAL_ADCEx_MultiModeStop_DMA              0x08002dc1   Thumb Code   116  stm32f4xx_hal_adc_ex.o(.text)
    HAL_ADCEx_MultiModeGetValue              0x08002e35   Thumb Code     8  stm32f4xx_hal_adc_ex.o(.text)
    HAL_ADCEx_InjectedConvCpltCallback       0x08002e3d   Thumb Code     2  stm32f4xx_hal_adc_ex.o(.text)
    HAL_ADCEx_InjectedConfigChannel          0x08002e3f   Thumb Code   552  stm32f4xx_hal_adc_ex.o(.text)
    HAL_ADCEx_MultiModeConfigChannel         0x08003067   Thumb Code   130  stm32f4xx_hal_adc_ex.o(.text)
    HAL_NVIC_SetPriorityGrouping             0x08003115   Thumb Code    36  stm32f4xx_hal_cortex.o(.text)
    HAL_NVIC_SetPriority                     0x08003139   Thumb Code   124  stm32f4xx_hal_cortex.o(.text)
    HAL_NVIC_EnableIRQ                       0x080031b5   Thumb Code    26  stm32f4xx_hal_cortex.o(.text)
    HAL_NVIC_DisableIRQ                      0x080031cf   Thumb Code    22  stm32f4xx_hal_cortex.o(.text)
    HAL_NVIC_SystemReset                     0x080031e5   Thumb Code    64  stm32f4xx_hal_cortex.o(.text)
    HAL_SYSTICK_Config                       0x08003225   Thumb Code    52  stm32f4xx_hal_cortex.o(.text)
    HAL_MPU_ConfigRegion                     0x08003259   Thumb Code    90  stm32f4xx_hal_cortex.o(.text)
    HAL_NVIC_GetPriorityGrouping             0x080032b3   Thumb Code     8  stm32f4xx_hal_cortex.o(.text)
    HAL_NVIC_GetPriority                     0x080032bb   Thumb Code   138  stm32f4xx_hal_cortex.o(.text)
    HAL_NVIC_SetPendingIRQ                   0x08003345   Thumb Code    24  stm32f4xx_hal_cortex.o(.text)
    HAL_NVIC_GetPendingIRQ                   0x0800335d   Thumb Code    38  stm32f4xx_hal_cortex.o(.text)
    HAL_NVIC_ClearPendingIRQ                 0x08003383   Thumb Code    22  stm32f4xx_hal_cortex.o(.text)
    HAL_NVIC_GetActive                       0x08003399   Thumb Code    38  stm32f4xx_hal_cortex.o(.text)
    HAL_SYSTICK_CLKSourceConfig              0x080033bf   Thumb Code    40  stm32f4xx_hal_cortex.o(.text)
    HAL_SYSTICK_Callback                     0x080033e7   Thumb Code    10  stm32f4xx_hal_cortex.o(.text)
    HAL_SYSTICK_IRQHandler                   0x080033f1   Thumb Code     8  stm32f4xx_hal_cortex.o(.text)
    HAL_DMA_Init                             0x08003447   Thumb Code   128  stm32f4xx_hal_dma.o(.text)
    HAL_DMA_DeInit                           0x080034c7   Thumb Code   100  stm32f4xx_hal_dma.o(.text)
    HAL_DMA_Start                            0x08003557   Thumb Code    82  stm32f4xx_hal_dma.o(.text)
    HAL_DMA_Start_IT                         0x080035a9   Thumb Code   106  stm32f4xx_hal_dma.o(.text)
    HAL_DMA_Abort                            0x08003613   Thumb Code    94  stm32f4xx_hal_dma.o(.text)
    HAL_DMA_PollForTransfer                  0x08003671   Thumb Code   412  stm32f4xx_hal_dma.o(.text)
    HAL_DMA_IRQHandler                       0x0800380d   Thumb Code   530  stm32f4xx_hal_dma.o(.text)
    HAL_DMA_GetState                         0x08003a1f   Thumb Code     8  stm32f4xx_hal_dma.o(.text)
    HAL_DMA_GetError                         0x08003a27   Thumb Code     6  stm32f4xx_hal_dma.o(.text)
    HAL_GPIO_Init                            0x08003a31   Thumb Code   476  stm32f4xx_hal_gpio.o(.text)
    HAL_GPIO_DeInit                          0x08003c0d   Thumb Code   326  stm32f4xx_hal_gpio.o(.text)
    HAL_GPIO_ReadPin                         0x08003d53   Thumb Code    16  stm32f4xx_hal_gpio.o(.text)
    HAL_GPIO_WritePin                        0x08003d63   Thumb Code    12  stm32f4xx_hal_gpio.o(.text)
    HAL_GPIO_TogglePin                       0x08003d6f   Thumb Code     8  stm32f4xx_hal_gpio.o(.text)
    HAL_GPIO_LockPin                         0x08003d77   Thumb Code    46  stm32f4xx_hal_gpio.o(.text)
    HAL_GPIO_EXTI_IRQHandler                 0x08003daf   Thumb Code    28  stm32f4xx_hal_gpio.o(.text)
    HAL_RCC_OscConfig                        0x08003dff   Thumb Code  1032  stm32f4xx_hal_rcc.o(.text)
    HAL_RCC_ClockConfig                      0x08004207   Thumb Code   680  stm32f4xx_hal_rcc.o(.text)
    HAL_RCC_MCOConfig                        0x080044af   Thumb Code   178  stm32f4xx_hal_rcc.o(.text)
    HAL_RCC_EnableCSS                        0x08004561   Thumb Code     8  stm32f4xx_hal_rcc.o(.text)
    HAL_RCC_DisableCSS                       0x08004569   Thumb Code     8  stm32f4xx_hal_rcc.o(.text)
    HAL_RCC_GetSysClockFreq                  0x08004571   Thumb Code   198  stm32f4xx_hal_rcc.o(.text)
    HAL_RCC_GetHCLKFreq                      0x08004637   Thumb Code    42  stm32f4xx_hal_rcc.o(.text)
    HAL_RCC_GetPCLK1Freq                     0x08004661   Thumb Code    36  stm32f4xx_hal_rcc.o(.text)
    HAL_RCC_GetPCLK2Freq                     0x08004685   Thumb Code    36  stm32f4xx_hal_rcc.o(.text)
    HAL_RCC_GetOscConfig                     0x080046a9   Thumb Code   296  stm32f4xx_hal_rcc.o(.text)
    HAL_RCC_GetClockConfig                   0x080047d1   Thumb Code    58  stm32f4xx_hal_rcc.o(.text)
    HAL_RCC_CSSCallback                      0x0800480b   Thumb Code    10  stm32f4xx_hal_rcc.o(.text)
    HAL_RCC_NMI_IRQHandler                   0x08004815   Thumb Code    30  stm32f4xx_hal_rcc.o(.text)
    HAL_SPI_Init                             0x0800484b   Thumb Code   136  stm32f4xx_hal_spi.o(.text)
    HAL_SPI_MspDeInit                        0x080048d3   Thumb Code     2  stm32f4xx_hal_spi.o(.text)
    HAL_SPI_DeInit                           0x080048d5   Thumb Code    48  stm32f4xx_hal_spi.o(.text)
    HAL_SPI_Transmit                         0x08004a19   Thumb Code   450  stm32f4xx_hal_spi.o(.text)
    HAL_SPI_TransmitReceive                  0x08004bdb   Thumb Code   850  stm32f4xx_hal_spi.o(.text)
    HAL_SPI_Receive                          0x08004f2d   Thumb Code   572  stm32f4xx_hal_spi.o(.text)
    HAL_SPI_ErrorCallback                    0x08005169   Thumb Code     2  stm32f4xx_hal_spi.o(.text)
    HAL_SPI_TxCpltCallback                   0x0800516b   Thumb Code     2  stm32f4xx_hal_spi.o(.text)
    HAL_SPI_TxRxCpltCallback                 0x0800516d   Thumb Code     2  stm32f4xx_hal_spi.o(.text)
    HAL_SPI_Transmit_IT                      0x0800525d   Thumb Code   198  stm32f4xx_hal_spi.o(.text)
    HAL_SPI_RxCpltCallback                   0x08005323   Thumb Code     2  stm32f4xx_hal_spi.o(.text)
    HAL_SPI_TransmitReceive_IT               0x0800544b   Thumb Code   192  stm32f4xx_hal_spi.o(.text)
    HAL_SPI_Receive_IT                       0x0800555d   Thumb Code   222  stm32f4xx_hal_spi.o(.text)
    HAL_SPI_TxHalfCpltCallback               0x080056eb   Thumb Code     2  stm32f4xx_hal_spi.o(.text)
    HAL_SPI_Transmit_DMA                     0x080056fb   Thumb Code   218  stm32f4xx_hal_spi.o(.text)
    HAL_SPI_RxHalfCpltCallback               0x0800594d   Thumb Code     2  stm32f4xx_hal_spi.o(.text)
    HAL_SPI_TxRxHalfCpltCallback             0x08005995   Thumb Code     2  stm32f4xx_hal_spi.o(.text)
    HAL_SPI_TransmitReceive_DMA              0x080059a5   Thumb Code   324  stm32f4xx_hal_spi.o(.text)
    HAL_SPI_Receive_DMA                      0x08005ae9   Thumb Code   288  stm32f4xx_hal_spi.o(.text)
    HAL_SPI_DMAPause                         0x08005c09   Thumb Code    62  stm32f4xx_hal_spi.o(.text)
    HAL_SPI_DMAResume                        0x08005c47   Thumb Code    62  stm32f4xx_hal_spi.o(.text)
    HAL_SPI_DMAStop                          0x08005c85   Thumb Code    58  stm32f4xx_hal_spi.o(.text)
    HAL_SPI_IRQHandler                       0x08005cbf   Thumb Code   262  stm32f4xx_hal_spi.o(.text)
    HAL_SPI_GetState                         0x08005dc5   Thumb Code     8  stm32f4xx_hal_spi.o(.text)
    HAL_SPI_GetError                         0x08005dcd   Thumb Code     6  stm32f4xx_hal_spi.o(.text)
    TIM_Base_SetConfig                       0x08005de1   Thumb Code   184  stm32f4xx_hal_tim.o(.text)
    HAL_TIM_Base_MspInit                     0x08005e99   Thumb Code     2  stm32f4xx_hal_tim.o(.text)
    HAL_TIM_Base_Init                        0x08005e9b   Thumb Code    52  stm32f4xx_hal_tim.o(.text)
    HAL_TIM_Base_MspDeInit                   0x08005ecf   Thumb Code     2  stm32f4xx_hal_tim.o(.text)
    HAL_TIM_Base_DeInit                      0x08005ed1   Thumb Code    70  stm32f4xx_hal_tim.o(.text)
    HAL_TIM_Base_Start                       0x08005f17   Thumb Code    30  stm32f4xx_hal_tim.o(.text)
    HAL_TIM_Base_Stop                        0x08005f35   Thumb Code    56  stm32f4xx_hal_tim.o(.text)
    HAL_TIM_Base_Start_IT                    0x08005f6d   Thumb Code    30  stm32f4xx_hal_tim.o(.text)
    HAL_TIM_Base_Stop_IT                     0x08005f8b   Thumb Code    56  stm32f4xx_hal_tim.o(.text)
    HAL_TIM_ErrorCallback                    0x08005fc3   Thumb Code     2  stm32f4xx_hal_tim.o(.text)
    TIM_DMAError                             0x08005fc5   Thumb Code    20  stm32f4xx_hal_tim.o(.text)
    HAL_TIM_Base_Start_DMA                   0x08005fef   Thumb Code    98  stm32f4xx_hal_tim.o(.text)
    HAL_TIM_Base_Stop_DMA                    0x08006051   Thumb Code    62  stm32f4xx_hal_tim.o(.text)
    HAL_TIM_OC_MspInit                       0x0800608f   Thumb Code     2  stm32f4xx_hal_tim.o(.text)
    HAL_TIM_OC_Init                          0x08006091   Thumb Code    52  stm32f4xx_hal_tim.o(.text)
    HAL_TIM_OC_MspDeInit                     0x080060c5   Thumb Code     2  stm32f4xx_hal_tim.o(.text)
    HAL_TIM_OC_DeInit                        0x080060c7   Thumb Code    70  stm32f4xx_hal_tim.o(.text)
    TIM_CCxChannelCmd                        0x0800610d   Thumb Code    28  stm32f4xx_hal_tim.o(.text)
    HAL_TIM_OC_Start                         0x08006129   Thumb Code    68  stm32f4xx_hal_tim.o(.text)
    HAL_TIM_OC_Stop                          0x0800616d   Thumb Code   170  stm32f4xx_hal_tim.o(.text)
    HAL_TIM_OC_Start_IT                      0x08006217   Thumb Code   144  stm32f4xx_hal_tim.o(.text)
    HAL_TIM_OC_Stop_IT                       0x080062a7   Thumb Code   196  stm32f4xx_hal_tim.o(.text)
    HAL_TIM_PWM_PulseFinishedCallback        0x0800636b   Thumb Code     2  stm32f4xx_hal_tim.o(.text)
    TIM_DMADelayPulseCplt                    0x0800636d   Thumb Code    70  stm32f4xx_hal_tim.o(.text)
    HAL_TIM_OC_Start_DMA                     0x080063b3   Thumb Code   312  stm32f4xx_hal_tim.o(.text)
    HAL_TIM_OC_Stop_DMA                      0x080064eb   Thumb Code   202  stm32f4xx_hal_tim.o(.text)
    HAL_TIM_PWM_MspInit                      0x080065b5   Thumb Code     2  stm32f4xx_hal_tim.o(.text)
    HAL_TIM_PWM_Init                         0x080065b7   Thumb Code    52  stm32f4xx_hal_tim.o(.text)
    HAL_TIM_PWM_MspDeInit                    0x080065eb   Thumb Code     2  stm32f4xx_hal_tim.o(.text)
    HAL_TIM_PWM_DeInit                       0x080065ed   Thumb Code    70  stm32f4xx_hal_tim.o(.text)
    HAL_TIM_PWM_Start                        0x08006633   Thumb Code    78  stm32f4xx_hal_tim.o(.text)
    HAL_TIM_PWM_Stop                         0x08006681   Thumb Code   126  stm32f4xx_hal_tim.o(.text)
    HAL_TIM_PWM_Start_IT                     0x080066ff   Thumb Code   144  stm32f4xx_hal_tim.o(.text)
    HAL_TIM_PWM_Stop_IT                      0x0800678f   Thumb Code   196  stm32f4xx_hal_tim.o(.text)
    HAL_TIM_PWM_Start_DMA                    0x08006853   Thumb Code   312  stm32f4xx_hal_tim.o(.text)
    HAL_TIM_PWM_Stop_DMA                     0x0800698b   Thumb Code   202  stm32f4xx_hal_tim.o(.text)
    HAL_TIM_IC_MspInit                       0x08006a55   Thumb Code     2  stm32f4xx_hal_tim.o(.text)
    HAL_TIM_IC_Init                          0x08006a57   Thumb Code    62  stm32f4xx_hal_tim.o(.text)
    HAL_TIM_IC_MspDeInit                     0x08006a95   Thumb Code     2  stm32f4xx_hal_tim.o(.text)
    HAL_TIM_IC_DeInit                        0x08006a97   Thumb Code    70  stm32f4xx_hal_tim.o(.text)
    HAL_TIM_IC_Start                         0x08006add   Thumb Code    32  stm32f4xx_hal_tim.o(.text)
    HAL_TIM_IC_Stop                          0x08006afd   Thumb Code    58  stm32f4xx_hal_tim.o(.text)
    HAL_TIM_IC_Start_IT                      0x08006b37   Thumb Code   108  stm32f4xx_hal_tim.o(.text)
    HAL_TIM_IC_Stop_IT                       0x08006ba3   Thumb Code   134  stm32f4xx_hal_tim.o(.text)
    HAL_TIM_IC_CaptureCallback               0x08006c29   Thumb Code     2  stm32f4xx_hal_tim.o(.text)
    TIM_DMACaptureCplt                       0x08006c2b   Thumb Code    70  stm32f4xx_hal_tim.o(.text)
    HAL_TIM_IC_Start_DMA                     0x08006c71   Thumb Code   276  stm32f4xx_hal_tim.o(.text)
    HAL_TIM_IC_Stop_DMA                      0x08006d85   Thumb Code   140  stm32f4xx_hal_tim.o(.text)
    HAL_TIM_OnePulse_MspInit                 0x08006e11   Thumb Code     2  stm32f4xx_hal_tim.o(.text)
    HAL_TIM_OnePulse_Init                    0x08006e13   Thumb Code    76  stm32f4xx_hal_tim.o(.text)
    HAL_TIM_OnePulse_MspDeInit               0x08006e5f   Thumb Code     2  stm32f4xx_hal_tim.o(.text)
    HAL_TIM_OnePulse_DeInit                  0x08006e61   Thumb Code    70  stm32f4xx_hal_tim.o(.text)
    HAL_TIM_OnePulse_Start                   0x08006ea7   Thumb Code    66  stm32f4xx_hal_tim.o(.text)
    HAL_TIM_OnePulse_Stop                    0x08006ee9   Thumb Code   130  stm32f4xx_hal_tim.o(.text)
    HAL_TIM_OnePulse_Start_IT                0x08006f6b   Thumb Code    90  stm32f4xx_hal_tim.o(.text)
    HAL_TIM_OnePulse_Stop_IT                 0x08006fc5   Thumb Code   154  stm32f4xx_hal_tim.o(.text)
    HAL_TIM_Encoder_MspInit                  0x0800705f   Thumb Code     2  stm32f4xx_hal_tim.o(.text)
    HAL_TIM_Encoder_Init                     0x08007061   Thumb Code   180  stm32f4xx_hal_tim.o(.text)
    HAL_TIM_Encoder_MspDeInit                0x08007115   Thumb Code     2  stm32f4xx_hal_tim.o(.text)
    HAL_TIM_Encoder_DeInit                   0x08007117   Thumb Code    70  stm32f4xx_hal_tim.o(.text)
    HAL_TIM_Encoder_Start                    0x0800715d   Thumb Code    78  stm32f4xx_hal_tim.o(.text)
    HAL_TIM_Encoder_Stop                     0x080071ab   Thumb Code   104  stm32f4xx_hal_tim.o(.text)
    HAL_TIM_Encoder_Start_IT                 0x08007213   Thumb Code   126  stm32f4xx_hal_tim.o(.text)
    HAL_TIM_Encoder_Stop_IT                  0x08007291   Thumb Code   160  stm32f4xx_hal_tim.o(.text)
    HAL_TIM_Encoder_Start_DMA                0x08007331   Thumb Code   328  stm32f4xx_hal_tim.o(.text)
    HAL_TIM_Encoder_Stop_DMA                 0x08007479   Thumb Code   152  stm32f4xx_hal_tim.o(.text)
    HAL_TIM_TriggerCallback                  0x08007511   Thumb Code     2  stm32f4xx_hal_tim.o(.text)
    HAL_TIM_OC_DelayElapsedCallback          0x08007513   Thumb Code     2  stm32f4xx_hal_tim.o(.text)
    HAL_TIM_IRQHandler                       0x08007515   Thumb Code   406  stm32f4xx_hal_tim.o(.text)
    TIM_OC2_SetConfig                        0x0800777d   Thumb Code   112  stm32f4xx_hal_tim.o(.text)
    HAL_TIM_OC_ConfigChannel                 0x08007853   Thumb Code   116  stm32f4xx_hal_tim.o(.text)
    TIM_TI1_SetConfig                        0x08007981   Thumb Code   122  stm32f4xx_hal_tim.o(.text)
    HAL_TIM_IC_ConfigChannel                 0x080079fb   Thumb Code   224  stm32f4xx_hal_tim.o(.text)
    HAL_TIM_PWM_ConfigChannel                0x08007adb   Thumb Code   294  stm32f4xx_hal_tim.o(.text)
    HAL_TIM_OnePulse_ConfigChannel           0x08007c01   Thumb Code   286  stm32f4xx_hal_tim.o(.text)
    HAL_TIM_DMABurst_WriteStart              0x08007d33   Thumb Code   366  stm32f4xx_hal_tim.o(.text)
    HAL_TIM_DMABurst_WriteStop               0x08007ea1   Thumb Code   128  stm32f4xx_hal_tim.o(.text)
    HAL_TIM_DMABurst_ReadStart               0x08007f21   Thumb Code   366  stm32f4xx_hal_tim.o(.text)
    HAL_TIM_DMABurst_ReadStop                0x0800808f   Thumb Code   128  stm32f4xx_hal_tim.o(.text)
    HAL_TIM_GenerateEvent                    0x0800810f   Thumb Code    54  stm32f4xx_hal_tim.o(.text)
    HAL_TIM_ConfigOCrefClear                 0x0800815d   Thumb Code   252  stm32f4xx_hal_tim.o(.text)
    HAL_TIM_ConfigClockSource                0x080082c3   Thumb Code   306  stm32f4xx_hal_tim.o(.text)
    HAL_TIM_ConfigTI1Input                   0x080083f5   Thumb Code    24  stm32f4xx_hal_tim.o(.text)
    HAL_TIM_SlaveConfigSynchronization       0x080084b1   Thumb Code    86  stm32f4xx_hal_tim.o(.text)
    HAL_TIM_SlaveConfigSynchronization_IT    0x08008507   Thumb Code    86  stm32f4xx_hal_tim.o(.text)
    HAL_TIM_ReadCapturedValue                0x0800855d   Thumb Code    84  stm32f4xx_hal_tim.o(.text)
    HAL_TIM_Base_GetState                    0x080085b1   Thumb Code     8  stm32f4xx_hal_tim.o(.text)
    HAL_TIM_OC_GetState                      0x080085b9   Thumb Code     8  stm32f4xx_hal_tim.o(.text)
    HAL_TIM_PWM_GetState                     0x080085c1   Thumb Code     8  stm32f4xx_hal_tim.o(.text)
    HAL_TIM_IC_GetState                      0x080085c9   Thumb Code     8  stm32f4xx_hal_tim.o(.text)
    HAL_TIM_OnePulse_GetState                0x080085d1   Thumb Code     8  stm32f4xx_hal_tim.o(.text)
    HAL_TIM_Encoder_GetState                 0x080085d9   Thumb Code     8  stm32f4xx_hal_tim.o(.text)
    HAL_TIMEx_HallSensor_MspInit             0x080085e1   Thumb Code     2  stm32f4xx_hal_tim_ex.o(.text)
    HAL_TIMEx_HallSensor_Init                0x080085e3   Thumb Code   196  stm32f4xx_hal_tim_ex.o(.text)
    HAL_TIMEx_HallSensor_MspDeInit           0x080086a7   Thumb Code     2  stm32f4xx_hal_tim_ex.o(.text)
    HAL_TIMEx_HallSensor_DeInit              0x080086a9   Thumb Code    70  stm32f4xx_hal_tim_ex.o(.text)
    HAL_TIMEx_HallSensor_Start               0x080086ef   Thumb Code    30  stm32f4xx_hal_tim_ex.o(.text)
    HAL_TIMEx_HallSensor_Stop                0x0800870d   Thumb Code    56  stm32f4xx_hal_tim_ex.o(.text)
    HAL_TIMEx_HallSensor_Start_IT            0x08008745   Thumb Code    42  stm32f4xx_hal_tim_ex.o(.text)
    HAL_TIMEx_HallSensor_Stop_IT             0x0800876f   Thumb Code    68  stm32f4xx_hal_tim_ex.o(.text)
    HAL_TIMEx_HallSensor_Start_DMA           0x080087b3   Thumb Code   106  stm32f4xx_hal_tim_ex.o(.text)
    HAL_TIMEx_HallSensor_Stop_DMA            0x0800881d   Thumb Code    68  stm32f4xx_hal_tim_ex.o(.text)
    HAL_TIMEx_OCN_Start                      0x0800887d   Thumb Code    44  stm32f4xx_hal_tim_ex.o(.text)
    HAL_TIMEx_OCN_Stop                       0x080088a9   Thumb Code    96  stm32f4xx_hal_tim_ex.o(.text)
    HAL_TIMEx_OCN_Start_IT                   0x08008909   Thumb Code   132  stm32f4xx_hal_tim_ex.o(.text)
    HAL_TIMEx_OCN_Stop_IT                    0x0800898d   Thumb Code   196  stm32f4xx_hal_tim_ex.o(.text)
    HAL_TIMEx_OCN_Start_DMA                  0x08008a51   Thumb Code   272  stm32f4xx_hal_tim_ex.o(.text)
    HAL_TIMEx_OCN_Stop_DMA                   0x08008b61   Thumb Code   192  stm32f4xx_hal_tim_ex.o(.text)
    HAL_TIMEx_PWMN_Start                     0x08008c21   Thumb Code    44  stm32f4xx_hal_tim_ex.o(.text)
    HAL_TIMEx_PWMN_Stop                      0x08008c4d   Thumb Code    96  stm32f4xx_hal_tim_ex.o(.text)
    HAL_TIMEx_PWMN_Start_IT                  0x08008cad   Thumb Code   132  stm32f4xx_hal_tim_ex.o(.text)
    HAL_TIMEx_PWMN_Stop_IT                   0x08008d31   Thumb Code   196  stm32f4xx_hal_tim_ex.o(.text)
    HAL_TIMEx_PWMN_Start_DMA                 0x08008df5   Thumb Code   272  stm32f4xx_hal_tim_ex.o(.text)
    HAL_TIMEx_PWMN_Stop_DMA                  0x08008f05   Thumb Code   178  stm32f4xx_hal_tim_ex.o(.text)
    HAL_TIMEx_OnePulseN_Start                0x08008fb7   Thumb Code    32  stm32f4xx_hal_tim_ex.o(.text)
    HAL_TIMEx_OnePulseN_Stop                 0x08008fd7   Thumb Code    96  stm32f4xx_hal_tim_ex.o(.text)
    HAL_TIMEx_OnePulseN_Start_IT             0x08009037   Thumb Code    56  stm32f4xx_hal_tim_ex.o(.text)
    HAL_TIMEx_OnePulseN_Stop_IT              0x0800906f   Thumb Code   120  stm32f4xx_hal_tim_ex.o(.text)
    HAL_TIMEx_ConfigCommutationEvent         0x080090e7   Thumb Code   110  stm32f4xx_hal_tim_ex.o(.text)
    HAL_TIMEx_ConfigCommutationEvent_IT      0x08009155   Thumb Code   122  stm32f4xx_hal_tim_ex.o(.text)
    HAL_TIMEx_CommutationCallback            0x080091cf   Thumb Code     2  stm32f4xx_hal_tim_ex.o(.text)
    TIMEx_DMACommutationCplt                 0x080091d1   Thumb Code    20  stm32f4xx_hal_tim_ex.o(.text)
    HAL_TIMEx_ConfigCommutationEvent_DMA     0x080091e5   Thumb Code   146  stm32f4xx_hal_tim_ex.o(.text)
    HAL_TIMEx_MasterConfigSynchronization    0x08009277   Thumb Code    98  stm32f4xx_hal_tim_ex.o(.text)
    HAL_TIMEx_ConfigBreakDeadTime            0x080092d9   Thumb Code    80  stm32f4xx_hal_tim_ex.o(.text)
    HAL_TIMEx_RemapConfig                    0x08009329   Thumb Code    48  stm32f4xx_hal_tim_ex.o(.text)
    HAL_TIMEx_BreakCallback                  0x08009359   Thumb Code     2  stm32f4xx_hal_tim_ex.o(.text)
    HAL_TIMEx_HallSensor_GetState            0x0800935b   Thumb Code     8  stm32f4xx_hal_tim_ex.o(.text)
    Reset_Handler                            0x08009369   Thumb Code     8  startup_stm32f407xx.o(.text)
    NMI_Handler                              0x08009371   Thumb Code     2  startup_stm32f407xx.o(.text)
    HardFault_Handler                        0x08009373   Thumb Code     2  startup_stm32f407xx.o(.text)
    MemManage_Handler                        0x08009375   Thumb Code     2  startup_stm32f407xx.o(.text)
    BusFault_Handler                         0x08009377   Thumb Code     2  startup_stm32f407xx.o(.text)
    UsageFault_Handler                       0x08009379   Thumb Code     2  startup_stm32f407xx.o(.text)
    DebugMon_Handler                         0x0800937d   Thumb Code     2  startup_stm32f407xx.o(.text)
    ADC_IRQHandler                           0x08009383   Thumb Code     0  startup_stm32f407xx.o(.text)
    CAN1_RX0_IRQHandler                      0x08009383   Thumb Code     0  startup_stm32f407xx.o(.text)
    CAN1_RX1_IRQHandler                      0x08009383   Thumb Code     0  startup_stm32f407xx.o(.text)
    CAN1_SCE_IRQHandler                      0x08009383   Thumb Code     0  startup_stm32f407xx.o(.text)
    CAN1_TX_IRQHandler                       0x08009383   Thumb Code     0  startup_stm32f407xx.o(.text)
    CAN2_RX0_IRQHandler                      0x08009383   Thumb Code     0  startup_stm32f407xx.o(.text)
    CAN2_RX1_IRQHandler                      0x08009383   Thumb Code     0  startup_stm32f407xx.o(.text)
    CAN2_SCE_IRQHandler                      0x08009383   Thumb Code     0  startup_stm32f407xx.o(.text)
    CAN2_TX_IRQHandler                       0x08009383   Thumb Code     0  startup_stm32f407xx.o(.text)
    DCMI_IRQHandler                          0x08009383   Thumb Code     0  startup_stm32f407xx.o(.text)
    DMA1_Stream0_IRQHandler                  0x08009383   Thumb Code     0  startup_stm32f407xx.o(.text)
    DMA1_Stream1_IRQHandler                  0x08009383   Thumb Code     0  startup_stm32f407xx.o(.text)
    DMA1_Stream2_IRQHandler                  0x08009383   Thumb Code     0  startup_stm32f407xx.o(.text)
    DMA1_Stream3_IRQHandler                  0x08009383   Thumb Code     0  startup_stm32f407xx.o(.text)
    DMA1_Stream4_IRQHandler                  0x08009383   Thumb Code     0  startup_stm32f407xx.o(.text)
    DMA1_Stream5_IRQHandler                  0x08009383   Thumb Code     0  startup_stm32f407xx.o(.text)
    DMA1_Stream6_IRQHandler                  0x08009383   Thumb Code     0  startup_stm32f407xx.o(.text)
    DMA1_Stream7_IRQHandler                  0x08009383   Thumb Code     0  startup_stm32f407xx.o(.text)
    DMA2_Stream0_IRQHandler                  0x08009383   Thumb Code     0  startup_stm32f407xx.o(.text)
    DMA2_Stream1_IRQHandler                  0x08009383   Thumb Code     0  startup_stm32f407xx.o(.text)
    DMA2_Stream2_IRQHandler                  0x08009383   Thumb Code     0  startup_stm32f407xx.o(.text)
    DMA2_Stream3_IRQHandler                  0x08009383   Thumb Code     0  startup_stm32f407xx.o(.text)
    DMA2_Stream4_IRQHandler                  0x08009383   Thumb Code     0  startup_stm32f407xx.o(.text)
    DMA2_Stream5_IRQHandler                  0x08009383   Thumb Code     0  startup_stm32f407xx.o(.text)
    DMA2_Stream6_IRQHandler                  0x08009383   Thumb Code     0  startup_stm32f407xx.o(.text)
    DMA2_Stream7_IRQHandler                  0x08009383   Thumb Code     0  startup_stm32f407xx.o(.text)
    ETH_IRQHandler                           0x08009383   Thumb Code     0  startup_stm32f407xx.o(.text)
    ETH_WKUP_IRQHandler                      0x08009383   Thumb Code     0  startup_stm32f407xx.o(.text)
    EXTI15_10_IRQHandler                     0x08009383   Thumb Code     0  startup_stm32f407xx.o(.text)
    EXTI1_IRQHandler                         0x08009383   Thumb Code     0  startup_stm32f407xx.o(.text)
    EXTI2_IRQHandler                         0x08009383   Thumb Code     0  startup_stm32f407xx.o(.text)
    EXTI3_IRQHandler                         0x08009383   Thumb Code     0  startup_stm32f407xx.o(.text)
    EXTI4_IRQHandler                         0x08009383   Thumb Code     0  startup_stm32f407xx.o(.text)
    EXTI9_5_IRQHandler                       0x08009383   Thumb Code     0  startup_stm32f407xx.o(.text)
    FLASH_IRQHandler                         0x08009383   Thumb Code     0  startup_stm32f407xx.o(.text)
    FMC_IRQHandler                           0x08009383   Thumb Code     0  startup_stm32f407xx.o(.text)
    FPU_IRQHandler                           0x08009383   Thumb Code     0  startup_stm32f407xx.o(.text)
    HASH_RNG_IRQHandler                      0x08009383   Thumb Code     0  startup_stm32f407xx.o(.text)
    I2C1_ER_IRQHandler                       0x08009383   Thumb Code     0  startup_stm32f407xx.o(.text)
    I2C1_EV_IRQHandler                       0x08009383   Thumb Code     0  startup_stm32f407xx.o(.text)
    I2C2_ER_IRQHandler                       0x08009383   Thumb Code     0  startup_stm32f407xx.o(.text)
    I2C2_EV_IRQHandler                       0x08009383   Thumb Code     0  startup_stm32f407xx.o(.text)
    I2C3_ER_IRQHandler                       0x08009383   Thumb Code     0  startup_stm32f407xx.o(.text)
    I2C3_EV_IRQHandler                       0x08009383   Thumb Code     0  startup_stm32f407xx.o(.text)
    OTG_FS_IRQHandler                        0x08009383   Thumb Code     0  startup_stm32f407xx.o(.text)
    OTG_FS_WKUP_IRQHandler                   0x08009383   Thumb Code     0  startup_stm32f407xx.o(.text)
    OTG_HS_EP1_IN_IRQHandler                 0x08009383   Thumb Code     0  startup_stm32f407xx.o(.text)
    OTG_HS_EP1_OUT_IRQHandler                0x08009383   Thumb Code     0  startup_stm32f407xx.o(.text)
    OTG_HS_IRQHandler                        0x08009383   Thumb Code     0  startup_stm32f407xx.o(.text)
    OTG_HS_WKUP_IRQHandler                   0x08009383   Thumb Code     0  startup_stm32f407xx.o(.text)
    PVD_IRQHandler                           0x08009383   Thumb Code     0  startup_stm32f407xx.o(.text)
    RCC_IRQHandler                           0x08009383   Thumb Code     0  startup_stm32f407xx.o(.text)
    RTC_Alarm_IRQHandler                     0x08009383   Thumb Code     0  startup_stm32f407xx.o(.text)
    RTC_WKUP_IRQHandler                      0x08009383   Thumb Code     0  startup_stm32f407xx.o(.text)
    SDIO_IRQHandler                          0x08009383   Thumb Code     0  startup_stm32f407xx.o(.text)
    SPI1_IRQHandler                          0x08009383   Thumb Code     0  startup_stm32f407xx.o(.text)
    SPI2_IRQHandler                          0x08009383   Thumb Code     0  startup_stm32f407xx.o(.text)
    SPI3_IRQHandler                          0x08009383   Thumb Code     0  startup_stm32f407xx.o(.text)
    TAMP_STAMP_IRQHandler                    0x08009383   Thumb Code     0  startup_stm32f407xx.o(.text)
    TIM1_BRK_TIM9_IRQHandler                 0x08009383   Thumb Code     0  startup_stm32f407xx.o(.text)
    TIM1_CC_IRQHandler                       0x08009383   Thumb Code     0  startup_stm32f407xx.o(.text)
    TIM1_TRG_COM_TIM11_IRQHandler            0x08009383   Thumb Code     0  startup_stm32f407xx.o(.text)
    TIM1_UP_TIM10_IRQHandler                 0x08009383   Thumb Code     0  startup_stm32f407xx.o(.text)
    TIM5_IRQHandler                          0x08009383   Thumb Code     0  startup_stm32f407xx.o(.text)
    TIM6_DAC_IRQHandler                      0x08009383   Thumb Code     0  startup_stm32f407xx.o(.text)
    TIM7_IRQHandler                          0x08009383   Thumb Code     0  startup_stm32f407xx.o(.text)
    TIM8_BRK_TIM12_IRQHandler                0x08009383   Thumb Code     0  startup_stm32f407xx.o(.text)
    TIM8_CC_IRQHandler                       0x08009383   Thumb Code     0  startup_stm32f407xx.o(.text)
    TIM8_TRG_COM_TIM14_IRQHandler            0x08009383   Thumb Code     0  startup_stm32f407xx.o(.text)
    TIM8_UP_TIM13_IRQHandler                 0x08009383   Thumb Code     0  startup_stm32f407xx.o(.text)
    UART4_IRQHandler                         0x08009383   Thumb Code     0  startup_stm32f407xx.o(.text)
    UART5_IRQHandler                         0x08009383   Thumb Code     0  startup_stm32f407xx.o(.text)
    USART1_IRQHandler                        0x08009383   Thumb Code     0  startup_stm32f407xx.o(.text)
    USART2_IRQHandler                        0x08009383   Thumb Code     0  startup_stm32f407xx.o(.text)
    USART3_IRQHandler                        0x08009383   Thumb Code     0  startup_stm32f407xx.o(.text)
    USART6_IRQHandler                        0x08009383   Thumb Code     0  startup_stm32f407xx.o(.text)
    WWDG_IRQHandler                          0x08009383   Thumb Code     0  startup_stm32f407xx.o(.text)
    SystemInit                               0x0800938d   Thumb Code    82  system_stm32f4xx.o(.text)
    SystemCoreClockUpdate                    0x080093df   Thumb Code   174  system_stm32f4xx.o(.text)
    __aeabi_memcpy                           0x080094ad   Thumb Code    36  memcpya.o(.text)
    __aeabi_memcpy4                          0x080094ad   Thumb Code     0  memcpya.o(.text)
    __aeabi_memcpy8                          0x080094ad   Thumb Code     0  memcpya.o(.text)
    __aeabi_dadd                             0x080094d1   Thumb Code   322  dadd.o(.text)
    __aeabi_dsub                             0x08009613   Thumb Code     6  dadd.o(.text)
    __aeabi_drsub                            0x08009619   Thumb Code     6  dadd.o(.text)
    __aeabi_dmul                             0x0800961f   Thumb Code   228  dmul.o(.text)
    __aeabi_ddiv                             0x08009703   Thumb Code   222  ddiv.o(.text)
    __aeabi_f2d                              0x080097e1   Thumb Code    38  f2d.o(.text)
    __aeabi_d2f                              0x08009807   Thumb Code    56  d2f.o(.text)
    __aeabi_llsl                             0x0800983f   Thumb Code    30  llshl.o(.text)
    _ll_shift_l                              0x0800983f   Thumb Code     0  llshl.o(.text)
    __aeabi_llsr                             0x0800985d   Thumb Code    32  llushr.o(.text)
    _ll_ushift_r                             0x0800985d   Thumb Code     0  llushr.o(.text)
    __aeabi_lasr                             0x0800987d   Thumb Code    36  llsshr.o(.text)
    _ll_sshift_r                             0x0800987d   Thumb Code     0  llsshr.o(.text)
    __I$use$fp                               0x080098a1   Thumb Code     0  iusefp.o(.text)
    _float_round                             0x080098a1   Thumb Code    18  fepilogue.o(.text)
    _float_epilogue                          0x080098b3   Thumb Code    92  fepilogue.o(.text)
    _double_round                            0x0800990f   Thumb Code    30  depilogue.o(.text)
    _double_epilogue                         0x0800992d   Thumb Code   156  depilogue.o(.text)
    __scatterload                            0x080099c9   Thumb Code    28  init.o(.text)
    __scatterload_rt2                        0x080099c9   Thumb Code     0  init.o(.text)
    SVC_Count                                0x080099ec   Data           4  svc_table.o(SVC_TABLE)
    SVC_Table                                0x080099f0   Data           0  svc_table.o(SVC_TABLE)
    __0printf$bare                           0x080099f1   Thumb Code     8  printfb.o(i.__0printf$bare)
    __1printf$bare                           0x080099f1   Thumb Code     0  printfb.o(i.__0printf$bare)
    __2printf                                0x080099f1   Thumb Code     0  printfb.o(i.__0printf$bare)
    __ARM_fpclassify                         0x08009a01   Thumb Code    48  fpclassify.o(i.__ARM_fpclassify)
    __hardfp_atan                            0x08009a31   Thumb Code   622  atan.o(i.__hardfp_atan)
    __hardfp_atan2                           0x08009d09   Thumb Code   432  atan2.o(i.__hardfp_atan2)
    __kernel_poly                            0x08009ef9   Thumb Code   248  poly.o(i.__kernel_poly)
    __mathlib_dbl_infnan                     0x08009ff1   Thumb Code    20  dunder.o(i.__mathlib_dbl_infnan)
    __mathlib_dbl_infnan2                    0x0800a005   Thumb Code    20  dunder.o(i.__mathlib_dbl_infnan2)
    __mathlib_dbl_underflow                  0x0800a019   Thumb Code    24  dunder.o(i.__mathlib_dbl_underflow)
    __scatterload_copy                       0x0800a039   Thumb Code    14  handlers.o(i.__scatterload_copy)
    __scatterload_null                       0x0800a047   Thumb Code     2  handlers.o(i.__scatterload_null)
    __scatterload_zeroinit                   0x0800a049   Thumb Code    14  handlers.o(i.__scatterload_zeroinit)
    _init_box                                0x0800a057   Thumb Code    70  rt_membox.o(i._init_box)
    atan                                     0x0800a0bf   Thumb Code    16  atan.o(i.atan)
    dbg_init                                 0x0800a0d1   Thumb Code    34  hal_cm.o(i.dbg_init)
    dbg_task_notify                          0x0800a101   Thumb Code    32  hal_cm.o(i.dbg_task_notify)
    dbg_task_switch                          0x0800a121   Thumb Code    16  hal_cm.o(i.dbg_task_switch)
    fabs                                     0x0800a131   Thumb Code    24  fabs.o(i.fabs)
    isrMessageGet                            0x0800a149   Thumb Code    42  rt_cmsis.o(i.isrMessageGet)
    isrMessagePut                            0x0800a173   Thumb Code    44  rt_cmsis.o(i.isrMessagePut)
    isrSemaphoreRelease                      0x0800a19f   Thumb Code    40  rt_cmsis.o(i.isrSemaphoreRelease)
    isr_mbx_receive                          0x0800a1c9   Thumb Code    82  rt_mailbox.o(i.isr_mbx_receive)
    isr_mbx_send                             0x0800a21b   Thumb Code    14  rt_mailbox.o(i.isr_mbx_send)
    isr_sem_send                             0x0800a229   Thumb Code    16  rt_semaphore.o(i.isr_sem_send)
    osKernelInitialize                       0x0800a239   Thumb Code    30  rt_cmsis.o(i.osKernelInitialize)
    osKernelStart                            0x0800a25d   Thumb Code    98  rt_cmsis.o(i.osKernelStart)
    osMessageGet                             0x0800a2c9   Thumb Code    18  rt_cmsis.o(i.osMessageGet)
    osSemaphoreCreate                        0x0800a2e1   Thumb Code    38  rt_cmsis.o(i.osSemaphoreCreate)
    osSemaphoreRelease                       0x0800a311   Thumb Code    18  rt_cmsis.o(i.osSemaphoreRelease)
    osSemaphoreWait                          0x0800a329   Thumb Code    20  rt_cmsis.o(i.osSemaphoreWait)
    osThreadCreate                           0x0800a341   Thumb Code    38  rt_cmsis.o(i.osThreadCreate)
    osThreadExit                             0x0800a371   Thumb Code    14  rt_cmsis.o(i.osThreadExit)
    osTimerCall                              0x0800a389   Thumb Code     8  rt_cmsis.o(i.osTimerCall)
    osTimerThread                            0x0800a395   Thumb Code    38  rt_cmsis.o(i.osTimerThread)
    os_tick_init                             0x0800a3c1   Thumb Code    32  rt_system.o(i.os_tick_init)
    os_tick_irqack                           0x0800a3e9   Thumb Code     2  rt_system.o(i.os_tick_irqack)
    rt_alloc_box                             0x0800a3eb   Thumb Code    26  rt_membox.o(i.rt_alloc_box)
    rt_alloc_mem                             0x0800a405   Thumb Code    62  rt_memory.o(i.rt_alloc_mem)
    rt_block                                 0x0800a445   Thumb Code    48  rt_task.o(i.rt_block)
    rt_chk_robin                             0x0800a47d   Thumb Code    60  rt_robin.o(i.rt_chk_robin)
    rt_dec_dly                               0x0800a4c5   Thumb Code   102  rt_list.o(i.rt_dec_dly)
    rt_dispatch                              0x0800a535   Thumb Code    60  rt_task.o(i.rt_dispatch)
    rt_evt_psh                               0x0800a579   Thumb Code    76  rt_event.o(i.rt_evt_psh)
    rt_free_box                              0x0800a5c9   Thumb Code    44  rt_membox.o(i.rt_free_box)
    rt_free_mem                              0x0800a5f5   Thumb Code    40  rt_memory.o(i.rt_free_mem)
    rt_get_first                             0x0800a61d   Thumb Code    40  rt_list.o(i.rt_get_first)
    rt_init_mem                              0x0800a695   Thumb Code    26  rt_memory.o(i.rt_init_mem)
    rt_init_robin                            0x0800a6b1   Thumb Code    14  rt_robin.o(i.rt_init_robin)
    rt_init_stack                            0x0800a6c9   Thumb Code   118  hal_cm.o(i.rt_init_stack)
    rt_mbx_check                             0x0800a749   Thumb Code     8  rt_mailbox.o(i.rt_mbx_check)
    rt_mbx_init                              0x0800a751   Thumb Code    26  rt_mailbox.o(i.rt_mbx_init)
    rt_mbx_psh                               0x0800a76d   Thumb Code   236  rt_mailbox.o(i.rt_mbx_psh)
    rt_mbx_wait                              0x0800a85d   Thumb Code   174  rt_mailbox.o(i.rt_mbx_wait)
    rt_pop_req                               0x0800a955   Thumb Code   112  rt_system.o(i.rt_pop_req)
    rt_psh_req                               0x0800a9d1   Thumb Code    22  rt_system.o(i.rt_psh_req)
    rt_psq_enq                               0x0800a9f1   Thumb Code    88  rt_list.o(i.rt_psq_enq)
    rt_put_dly                               0x0800aa4d   Thumb Code    68  rt_list.o(i.rt_put_dly)
    rt_put_prio                              0x0800aa95   Thumb Code    54  rt_list.o(i.rt_put_prio)
    rt_put_rdy_first                         0x0800aacd   Thumb Code    14  rt_list.o(i.rt_put_rdy_first)
    rt_resort_prio                           0x0800aae1   Thumb Code    46  rt_list.o(i.rt_resort_prio)
    rt_ret_val                               0x0800ab25   Thumb Code    12  hal_cm.o(i.rt_ret_val)
    rt_ret_val2                              0x0800ab31   Thumb Code    16  hal_cm.o(i.rt_ret_val2)
    rt_rmv_dly                               0x0800ab41   Thumb Code    40  rt_list.o(i.rt_rmv_dly)
    rt_rmv_list                              0x0800ab69   Thumb Code    44  rt_list.o(i.rt_rmv_list)
    rt_sem_init                              0x0800ab99   Thumb Code    12  rt_semaphore.o(i.rt_sem_init)
    rt_sem_psh                               0x0800aba5   Thumb Code    48  rt_semaphore.o(i.rt_sem_psh)
    rt_sem_send                              0x0800abd9   Thumb Code    42  rt_semaphore.o(i.rt_sem_send)
    rt_sem_wait                              0x0800ac05   Thumb Code    58  rt_semaphore.o(i.rt_sem_wait)
    rt_stk_check                             0x0800ac45   Thumb Code    28  rt_system.o(i.rt_stk_check)
    rt_switch_req                            0x0800ac69   Thumb Code    30  rt_task.o(i.rt_switch_req)
    rt_sys_init                              0x0800ac91   Thumb Code   138  rt_task.o(i.rt_sys_init)
    rt_sys_start                             0x0800ad5d   Thumb Code   110  rt_task.o(i.rt_sys_start)
    rt_systick                               0x0800add5   Thumb Code    50  rt_system.o(i.rt_systick)
    rt_tsk_create                            0x0800ae5d   Thumb Code   118  rt_task.o(i.rt_tsk_create)
    rt_tsk_delete                            0x0800aee5   Thumb Code   352  rt_task.o(i.rt_tsk_delete)
    rt_tsk_prio                              0x0800b061   Thumb Code   108  rt_task.o(i.rt_tsk_prio)
    rt_tsk_self                              0x0800b0dd   Thumb Code    12  rt_task.o(i.rt_tsk_self)
    svcKernelInitialize                      0x0800b0ed   Thumb Code    80  rt_cmsis.o(i.svcKernelInitialize)
    svcKernelStart                           0x0800b15d   Thumb Code    62  rt_cmsis.o(i.svcKernelStart)
    svcMessageCreate                         0x0800b1a5   Thumb Code    36  rt_cmsis.o(i.svcMessageCreate)
    svcMessageGet                            0x0800b1c9   Thumb Code    58  rt_cmsis.o(i.svcMessageGet)
    svcSemaphoreCreate                       0x0800b203   Thumb Code    36  rt_cmsis.o(i.svcSemaphoreCreate)
    svcSemaphoreRelease                      0x0800b227   Thumb Code    40  rt_cmsis.o(i.svcSemaphoreRelease)
    svcSemaphoreWait                         0x0800b24f   Thumb Code    50  rt_cmsis.o(i.svcSemaphoreWait)
    svcThreadCreate                          0x0800b281   Thumb Code   100  rt_cmsis.o(i.svcThreadCreate)
    svcThreadGetId                           0x0800b2f1   Thumb Code    22  rt_cmsis.o(i.svcThreadGetId)
    svcThreadTerminate                       0x0800b30d   Thumb Code    50  rt_cmsis.o(i.svcThreadTerminate)
    svcTimerCall                             0x0800b345   Thumb Code    24  rt_cmsis.o(i.svcTimerCall)
    sysTimerTick                             0x0800b35d   Thumb Code    84  rt_cmsis.o(i.sysTimerTick)
    os_semaphore_def_semTemperature          0x0800b3b8   Data           4  main.o(.constdata)
    os_semaphore_def_semSevenSegments        0x0800b3bc   Data           4  main.o(.constdata)
    os_semaphore_def_semAcc                  0x0800b3c0   Data           4  main.o(.constdata)
    os_semaphore_def_semKeypad               0x0800b3c4   Data           4  main.o(.constdata)
    os_semaphore_def_semDebounce             0x0800b3c8   Data           4  main.o(.constdata)
    os_thread_def_Thread_SevenSegments       0x0800b3cc   Data          16  thread_7_segment.o(.constdata)
    os_thread_def_Thread_Acc                 0x0800b3dc   Data          16  thread_accelerometer.o(.constdata)
    os_thread_def_Thread_Keypad              0x0800b3ec   Data          16  thread_keypad.o(.constdata)
    os_thread_def_Thread_Temperature         0x0800b3fc   Data          16  thread_temperature.o(.constdata)
    os_maxtaskrun                            0x0800b40c   Data           2  rtx_conf_cm.o(.constdata)
    os_stackinfo                             0x0800b410   Data           4  rtx_conf_cm.o(.constdata)
    os_rrobin                                0x0800b414   Data           4  rtx_conf_cm.o(.constdata)
    os_tickfreq                              0x0800b418   Data           4  rtx_conf_cm.o(.constdata)
    os_tickus_i                              0x0800b41c   Data           2  rtx_conf_cm.o(.constdata)
    os_tickus_f                              0x0800b41e   Data           2  rtx_conf_cm.o(.constdata)
    os_trv                                   0x0800b420   Data           4  rtx_conf_cm.o(.constdata)
    os_flags                                 0x0800b424   Data           1  rtx_conf_cm.o(.constdata)
    CMSIS_RTOS_API_Version                   0x0800b428   Data           4  rtx_conf_cm.o(.constdata)
    CMSIS_RTOS_RTX_Version                   0x0800b42c   Data           4  rtx_conf_cm.o(.constdata)
    os_clockrate                             0x0800b430   Data           4  rtx_conf_cm.o(.constdata)
    os_timernum                              0x0800b434   Data           4  rtx_conf_cm.o(.constdata)
    mp_tcb_size                              0x0800b438   Data           2  rtx_conf_cm.o(.constdata)
    mp_stk_size                              0x0800b43c   Data           4  rtx_conf_cm.o(.constdata)
    os_stack_sz                              0x0800b440   Data           4  rtx_conf_cm.o(.constdata)
    os_fifo_size                             0x0800b444   Data           1  rtx_conf_cm.o(.constdata)
    os_thread_def_osTimerThread              0x0800b448   Data          16  rtx_conf_cm.o(.constdata)
    os_messageQ_def_osTimerMessageQ          0x0800b458   Data           8  rtx_conf_cm.o(.constdata)
    mp_tmr_size                              0x0800b460   Data           2  rtx_conf_cm.o(.constdata)
    APBAHBPrescTable                         0x0800b46a   Data          16  stm32f4xx_hal_rcc.o(.constdata)
    AHBPrescTable                            0x0800b47a   Data          16  system_stm32f4xx.o(.constdata)
    __mathlib_zero                           0x0800b528   Data           8  qnan.o(.constdata)
    Region$$Table$$Base                      0x0800b530   Number         0  anon$$obj.o(Region$$Table)
    Region$$Table$$Limit                     0x0800b550   Number         0  anon$$obj.o(Region$$Table)
    DISPLAY_VALUE                            0x20000000   Data           4  main.o(.data)
    semTemperature                           0x20000004   Data           4  main.o(.data)
    os_semaphore_cb_semTemperature           0x20000008   Data           8  main.o(.data)
    semSevenSegments                         0x20000010   Data           4  main.o(.data)
    os_semaphore_cb_semSevenSegments         0x20000014   Data           8  main.o(.data)
    semAcc                                   0x2000001c   Data           4  main.o(.data)
    os_semaphore_cb_semAcc                   0x20000020   Data           8  main.o(.data)
    semKeypad                                0x20000028   Data           4  main.o(.data)
    os_semaphore_cb_semKeypad                0x2000002c   Data           8  main.o(.data)
    Active_GPIO_Pin                          0x20000034   Data           2  main.o(.data)
    semDebounce                              0x20000038   Data           4  main.o(.data)
    os_semaphore_cb_semDebounce              0x2000003c   Data           8  main.o(.data)
    DISPLAY_ACC                              0x20000044   Data           4  main.o(.data)
    DISPLAY_TEMP                             0x20000048   Data           4  main.o(.data)
    ACC_PITCH                                0x2000004c   Data           4  main.o(.data)
    ACC_ROLL                                 0x20000050   Data           4  main.o(.data)
    toggle_on                                0x20000054   Data           4  main.o(.data)
    LIS3DSH_InitStruct                       0x20000058   Data           6  configure.o(.data)
    first_digit                              0x20000060   Data           4  thread_7_segment.o(.data)
    second_digit                             0x20000064   Data           4  thread_7_segment.o(.data)
    third_digit                              0x20000068   Data           4  thread_7_segment.o(.data)
    decimal_pos                              0x2000006c   Data           4  thread_7_segment.o(.data)
    TOGGLE_PIN                               0x20000070   Data           4  thread_7_segment.o(.data)
    DISPLAY_CTR                              0x20000074   Data           4  thread_7_segment.o(.data)
    UPDATE_DIGIT_CTR                         0x20000078   Data           4  thread_7_segment.o(.data)
    tid_Thread_SevenSegments                 0x2000007c   Data           4  thread_7_segment.o(.data)
    offset                                   0x20000080   Data          48  thread_accelerometer.o(.data)
    Pitch                                    0x200000b0   Data           4  thread_accelerometer.o(.data)
    Roll                                     0x200000b4   Data           4  thread_accelerometer.o(.data)
    tid_Thread_Acc                           0x200000b8   Data           4  thread_accelerometer.o(.data)
    keyNum                                   0x200000bc   Data           4  thread_keypad.o(.data)
    tid_Thread_Keypad                        0x200000c0   Data           4  thread_keypad.o(.data)
    RAISE_THE_ALARM                          0x200000c4   Data           4  thread_temperature.o(.data)
    Temperature                              0x200000c8   Data           4  thread_temperature.o(.data)
    tid_Thread_Temperature                   0x200000cc   Data           4  thread_temperature.o(.data)
    LIS3DSHTimeout                           0x200000d0   Data           4  lis3dsh.o(.data)
    osThreadId_osTimerThread                 0x200000d4   Data           4  rtx_conf_cm.o(.data)
    osMessageQId_osTimerMessageQ             0x200000d8   Data           4  rtx_conf_cm.o(.data)
    os_tmr                                   0x200000dc   Data           4  rtx_conf_cm.o(.data)
    m_tmr                                    0x200000e0   Data           4  rtx_conf_cm.o(.data)
    os_thread_def_main                       0x200000e4   Data          16  rtx_conf_cm.o(.data)
    SystemCoreClock                          0x200000f8   Data           4  system_stm32f4xx.o(.data)
    os_initialized                           0x200000fc   Data           1  rt_cmsis.o(.data)
    os_running                               0x200000fd   Data           1  rt_cmsis.o(.data)
    os_timer_head                            0x20000100   Data           4  rt_cmsis.o(.data)
    os_time                                  0x20000104   Data           4  rt_time.o(.data)
    os_tsk                                   0x20000108   Data           8  rt_task.o(.data)
    os_tick_irqn                             0x20000114   Data           4  rt_system.o(.data)
    dbg_msg                                  0x20000118   Data           1  hal_cm.o(.data)
    os_robin                                 0x2000011c   Data           8  rt_robin.o(.data)
    __stdout                                 0x20000124   Data           4  stdout.o(.data)
    GPIO_D                                   0x20000128   Data          20  configure.o(.bss)
    GPIO_E                                   0x2000013c   Data          20  configure.o(.bss)
    TIM_4                                    0x20000150   Data          60  configure.o(.bss)
    TIM_3                                    0x2000018c   Data          60  configure.o(.bss)
    TIM_2                                    0x200001c8   Data          60  configure.o(.bss)
    ADC1_Handle                              0x20000204   Data          68  configure.o(.bss)
    Rows                                     0x20000248   Data          20  keypad.o(.bss)
    Columns                                  0x2000025c   Data          20  keypad.o(.bss)
    kSx                                      0x20000270   Data          20  thread_accelerometer.o(.bss)
    kSy                                      0x20000284   Data          20  thread_accelerometer.o(.bss)
    kSz                                      0x20000298   Data          20  thread_accelerometer.o(.bss)
    kstate                                   0x200002ac   Data          20  thread_temperature.o(.bss)
    SpiHandle                                0x200002c0   Data          88  lis3dsh.o(.bss)
    mp_tcb                                   0x20000318   Data         376  rtx_conf_cm.o(.bss)
    mp_stk                                   0x20000490   Data        4816  rtx_conf_cm.o(.bss)
    os_stack_mem                             0x20001760   Data        1256  rtx_conf_cm.o(.bss)
    os_fifo                                  0x20001c48   Data         132  rtx_conf_cm.o(.bss)
    os_active_TCB                            0x20001ccc   Data          28  rtx_conf_cm.o(.bss)
    os_messageQ_q_osTimerMessageQ            0x20001ce8   Data          32  rtx_conf_cm.o(.bss)
    os_idle_TCB                              0x20001d08   Data          52  rt_task.o(.bss)
    os_rdy                                   0x20001d3c   Data          24  rt_list.o(.bss)
    os_dly                                   0x20001d54   Data          24  rt_list.o(.bss)
    __initial_sp                             0x20002170   Data           0  startup_stm32f407xx.o(STACK)



==============================================================================

Memory Map of the image

  Image Entry point : 0x08000189

  Load Region LR_IROM1 (Base: 0x08000000, Size: 0x0000b678, Max: 0x00100000, ABSOLUTE)

    Execution Region ER_IROM1 (Base: 0x08000000, Size: 0x0000b550, Max: 0x00100000, ABSOLUTE)

    Base Addr    Size         Type   Attr      Idx    E Section Name        Object

    0x08000000   0x00000188   Data   RO          912    RESET               startup_stm32f407xx.o
    0x08000188   0x00000000   Code   RO         2179  * .ARM.Collect$$$$00000000  mc_w.l(entry.o)
    0x08000188   0x00000004   Code   RO         2493    .ARM.Collect$$$$00000001  mc_w.l(entry2.o)
    0x0800018c   0x00000004   Code   RO         2496    .ARM.Collect$$$$00000004  mc_w.l(entry5.o)
    0x08000190   0x00000000   Code   RO         2498    .ARM.Collect$$$$00000008  mc_w.l(entry7b.o)
    0x08000190   0x00000000   Code   RO         2500    .ARM.Collect$$$$0000000A  mc_w.l(entry8b.o)
    0x08000190   0x00000000   Code   RO         2501    .ARM.Collect$$$$0000000D  mc_w.l(entry10a.o)
    0x08000190   0x00000000   Code   RO         2503    .ARM.Collect$$$$0000000F  mc_w.l(entry11a.o)
    0x08000190   0x00000018   Code   RO          487    .ARM.Collect$$$$000000FF  rtx_conf_cm.o
    0x080001a8   0x00000004   Code   RO         2494    .ARM.Collect$$$$00002712  mc_w.l(entry2.o)
    0x080001ac   0x00000198   Code   RO         2154    .emb_text           RTX_CM4.lib(hal_cm4.o)
    0x08000344   0x00000258   Code   RO            4    .text               main.o
    0x0800059c   0x00000180   Code   RO          188    .text               supporting_functions.o
    0x0800071c   0x00000378   Code   RO          206    .text               configure.o
    0x08000a94   0x00000038   Code   RO          237    .text               fput_debug.o
    0x08000acc   0x000000fc   Code   RO          265    .text               keypad.o
    0x08000bc8   0x000003bc   Code   RO          295    .text               segments.o
    0x08000f84   0x00000304   Code   RO          322    .text               thread_7_segment.o
    0x08001288   0x000002cc   Code   RO          358    .text               thread_accelerometer.o
    0x08001554   0x00000118   Code   RO          391    .text               thread_keypad.o
    0x0800166c   0x000001b0   Code   RO          420    .text               thread_temperature.o
    0x0800181c   0x00000084   Code   RO          447    .text               kalman_filter.o
    0x080018a0   0x000005c0   Code   RO          462    .text               lis3dsh.o
    0x08001e60   0x00000026   Code   RO          488    .text               rtx_conf_cm.o
    0x08001e86   0x00000002   PAD
    0x08001e88   0x000001b0   Code   RO          519    .text               stm32f4xx_hal.o
    0x08002038   0x0000099c   Code   RO          545    .text               stm32f4xx_hal_adc.o
    0x080029d4   0x00000720   Code   RO          569    .text               stm32f4xx_hal_adc_ex.o
    0x080030f4   0x00000324   Code   RO          593    .text               stm32f4xx_hal_cortex.o
    0x08003418   0x00000618   Code   RO          621    .text               stm32f4xx_hal_dma.o
    0x08003a30   0x000003cc   Code   RO          670    .text               stm32f4xx_hal_gpio.o
    0x08003dfc   0x00000a4c   Code   RO          742    .text               stm32f4xx_hal_rcc.o
    0x08004848   0x00001598   Code   RO          793    .text               stm32f4xx_hal_spi.o
    0x08005de0   0x00002800   Code   RO          817    .text               stm32f4xx_hal_tim.o
    0x080085e0   0x00000d88   Code   RO          841    .text               stm32f4xx_hal_tim_ex.o
    0x08009368   0x00000024   Code   RO          913    .text               startup_stm32f407xx.o
    0x0800938c   0x00000120   Code   RO          920    .text               system_stm32f4xx.o
    0x080094ac   0x00000024   Code   RO         2184    .text               mc_w.l(memcpya.o)
    0x080094d0   0x0000014e   Code   RO         2448    .text               mf_w.l(dadd.o)
    0x0800961e   0x000000e4   Code   RO         2450    .text               mf_w.l(dmul.o)
    0x08009702   0x000000de   Code   RO         2452    .text               mf_w.l(ddiv.o)
    0x080097e0   0x00000026   Code   RO         2454    .text               mf_w.l(f2d.o)
    0x08009806   0x00000038   Code   RO         2456    .text               mf_w.l(d2f.o)
    0x0800983e   0x0000001e   Code   RO         2508    .text               mc_w.l(llshl.o)
    0x0800985c   0x00000020   Code   RO         2510    .text               mc_w.l(llushr.o)
    0x0800987c   0x00000024   Code   RO         2512    .text               mc_w.l(llsshr.o)
    0x080098a0   0x00000000   Code   RO         2521    .text               mc_w.l(iusefp.o)
    0x080098a0   0x0000006e   Code   RO         2522    .text               mf_w.l(fepilogue.o)
    0x0800990e   0x000000ba   Code   RO         2524    .text               mf_w.l(depilogue.o)
    0x080099c8   0x00000024   Code   RO         2536    .text               mc_w.l(init.o)
    0x080099ec   0x00000004   Code   RO         2164    SVC_TABLE           RTX_CM4.lib(svc_table.o)
    0x080099f0   0x00000010   Code   RO         2189    i.__0printf$bare    mc_w.l(printfb.o)
    0x08009a00   0x00000030   Code   RO         2532    i.__ARM_fpclassify  m_wm.l(fpclassify.o)
    0x08009a30   0x000002d8   Code   RO         2458    i.__hardfp_atan     m_wm.l(atan.o)
    0x08009d08   0x000001f0   Code   RO         2167    i.__hardfp_atan2    m_wm.l(atan2.o)
    0x08009ef8   0x000000f8   Code   RO         2534    i.__kernel_poly     m_wm.l(poly.o)
    0x08009ff0   0x00000014   Code   RO         2473    i.__mathlib_dbl_infnan  m_wm.l(dunder.o)
    0x0800a004   0x00000014   Code   RO         2474    i.__mathlib_dbl_infnan2  m_wm.l(dunder.o)
    0x0800a018   0x00000020   Code   RO         2478    i.__mathlib_dbl_underflow  m_wm.l(dunder.o)
    0x0800a038   0x0000000e   Code   RO         2540    i.__scatterload_copy  mc_w.l(handlers.o)
    0x0800a046   0x00000002   Code   RO         2541    i.__scatterload_null  mc_w.l(handlers.o)
    0x0800a048   0x0000000e   Code   RO         2542    i.__scatterload_zeroinit  mc_w.l(handlers.o)
    0x0800a056   0x00000046   Code   RO         2027    i._init_box         RTX_CM4.lib(rt_membox.o)
    0x0800a09c   0x00000022   Code   RO         2196    i._printf_core      mc_w.l(printfb.o)
    0x0800a0be   0x00000010   Code   RO         2460    i.atan              m_wm.l(atan.o)
    0x0800a0ce   0x00000002   PAD
    0x0800a0d0   0x00000030   Code   RO         2080    i.dbg_init          RTX_CM4.lib(hal_cm.o)
    0x0800a100   0x00000020   Code   RO         2081    i.dbg_task_notify   RTX_CM4.lib(hal_cm.o)
    0x0800a120   0x00000010   Code   RO         2082    i.dbg_task_switch   RTX_CM4.lib(hal_cm.o)
    0x0800a130   0x00000018   Code   RO         2488    i.fabs              m_wm.l(fabs.o)
    0x0800a148   0x0000002a   Code   RO          951    i.isrMessageGet     RTX_CM4.lib(rt_cmsis.o)
    0x0800a172   0x0000002c   Code   RO          952    i.isrMessagePut     RTX_CM4.lib(rt_cmsis.o)
    0x0800a19e   0x00000028   Code   RO          953    i.isrSemaphoreRelease  RTX_CM4.lib(rt_cmsis.o)
    0x0800a1c6   0x00000002   PAD
    0x0800a1c8   0x00000052   Code   RO         1906    i.isr_mbx_receive   RTX_CM4.lib(rt_mailbox.o)
    0x0800a21a   0x0000000e   Code   RO         1907    i.isr_mbx_send      RTX_CM4.lib(rt_mailbox.o)
    0x0800a228   0x00000010   Code   RO         1954    i.isr_sem_send      RTX_CM4.lib(rt_semaphore.o)
    0x0800a238   0x00000024   Code   RO          956    i.osKernelInitialize  RTX_CM4.lib(rt_cmsis.o)
    0x0800a25c   0x0000006c   Code   RO          958    i.osKernelStart     RTX_CM4.lib(rt_cmsis.o)
    0x0800a2c8   0x00000018   Code   RO          967    i.osMessageGet      RTX_CM4.lib(rt_cmsis.o)
    0x0800a2e0   0x00000030   Code   RO          977    i.osSemaphoreCreate  RTX_CM4.lib(rt_cmsis.o)
    0x0800a310   0x00000018   Code   RO          979    i.osSemaphoreRelease  RTX_CM4.lib(rt_cmsis.o)
    0x0800a328   0x00000018   Code   RO          980    i.osSemaphoreWait   RTX_CM4.lib(rt_cmsis.o)
    0x0800a340   0x00000030   Code   RO          984    i.osThreadCreate    RTX_CM4.lib(rt_cmsis.o)
    0x0800a370   0x00000018   Code   RO          985    i.osThreadExit      RTX_CM4.lib(rt_cmsis.o)
    0x0800a388   0x0000000c   Code   RO          991    i.osTimerCall       RTX_CM4.lib(rt_cmsis.o)
    0x0800a394   0x0000002c   Code   RO          996    i.osTimerThread     RTX_CM4.lib(rt_cmsis.o)
    0x0800a3c0   0x00000028   Code   RO         1694    i.os_tick_init      RTX_CM4.lib(rt_system.o)
    0x0800a3e8   0x00000002   Code   RO         1695    i.os_tick_irqack    RTX_CM4.lib(rt_system.o)
    0x0800a3ea   0x0000001a   Code   RO         2028    i.rt_alloc_box      RTX_CM4.lib(rt_membox.o)
    0x0800a404   0x0000003e   Code   RO         2056    i.rt_alloc_mem      RTX_CM4.lib(rt_memory.o)
    0x0800a442   0x00000002   PAD
    0x0800a444   0x00000038   Code   RO         1609    i.rt_block          RTX_CM4.lib(rt_task.o)
    0x0800a47c   0x00000048   Code   RO         2133    i.rt_chk_robin      RTX_CM4.lib(rt_robin.o)
    0x0800a4c4   0x00000070   Code   RO         1830    i.rt_dec_dly        RTX_CM4.lib(rt_list.o)
    0x0800a534   0x00000044   Code   RO         1610    i.rt_dispatch       RTX_CM4.lib(rt_task.o)
    0x0800a578   0x00000050   Code   RO         1787    i.rt_evt_psh        RTX_CM4.lib(rt_event.o)
    0x0800a5c8   0x0000002c   Code   RO         2029    i.rt_free_box       RTX_CM4.lib(rt_membox.o)
    0x0800a5f4   0x00000028   Code   RO         2057    i.rt_free_mem       RTX_CM4.lib(rt_memory.o)
    0x0800a61c   0x00000028   Code   RO         1831    i.rt_get_first      RTX_CM4.lib(rt_list.o)
    0x0800a644   0x00000008   Code   RO         1001    i.rt_id2obj         RTX_CM4.lib(rt_cmsis.o)
    0x0800a64c   0x00000048   Code   RO         1611    i.rt_init_context   RTX_CM4.lib(rt_task.o)
    0x0800a694   0x0000001a   Code   RO         2058    i.rt_init_mem       RTX_CM4.lib(rt_memory.o)
    0x0800a6ae   0x00000002   PAD
    0x0800a6b0   0x00000018   Code   RO         2134    i.rt_init_robin     RTX_CM4.lib(rt_robin.o)
    0x0800a6c8   0x00000080   Code   RO         2083    i.rt_init_stack     RTX_CM4.lib(hal_cm.o)
    0x0800a748   0x00000008   Code   RO         1908    i.rt_mbx_check      RTX_CM4.lib(rt_mailbox.o)
    0x0800a750   0x0000001a   Code   RO         1909    i.rt_mbx_init       RTX_CM4.lib(rt_mailbox.o)
    0x0800a76a   0x00000002   PAD
    0x0800a76c   0x000000f0   Code   RO         1910    i.rt_mbx_psh        RTX_CM4.lib(rt_mailbox.o)
    0x0800a85c   0x000000b4   Code   RO         1912    i.rt_mbx_wait       RTX_CM4.lib(rt_mailbox.o)
    0x0800a910   0x00000044   Code   RO         1002    i.rt_ms2tick        RTX_CM4.lib(rt_cmsis.o)
    0x0800a954   0x0000007c   Code   RO         1698    i.rt_pop_req        RTX_CM4.lib(rt_system.o)
    0x0800a9d0   0x00000020   Code   RO         1699    i.rt_psh_req        RTX_CM4.lib(rt_system.o)
    0x0800a9f0   0x0000005c   Code   RO         1833    i.rt_psq_enq        RTX_CM4.lib(rt_list.o)
    0x0800aa4c   0x00000048   Code   RO         1834    i.rt_put_dly        RTX_CM4.lib(rt_list.o)
    0x0800aa94   0x00000036   Code   RO         1835    i.rt_put_prio       RTX_CM4.lib(rt_list.o)
    0x0800aaca   0x00000002   PAD
    0x0800aacc   0x00000014   Code   RO         1836    i.rt_put_rdy_first  RTX_CM4.lib(rt_list.o)
    0x0800aae0   0x00000034   Code   RO         1837    i.rt_resort_prio    RTX_CM4.lib(rt_list.o)
    0x0800ab14   0x00000010   Code   RO         2084    i.rt_ret_regs       RTX_CM4.lib(hal_cm.o)
    0x0800ab24   0x0000000c   Code   RO         2085    i.rt_ret_val        RTX_CM4.lib(hal_cm.o)
    0x0800ab30   0x00000010   Code   RO         2086    i.rt_ret_val2       RTX_CM4.lib(hal_cm.o)
    0x0800ab40   0x00000028   Code   RO         1838    i.rt_rmv_dly        RTX_CM4.lib(rt_list.o)
    0x0800ab68   0x00000030   Code   RO         1839    i.rt_rmv_list       RTX_CM4.lib(rt_list.o)
    0x0800ab98   0x0000000c   Code   RO         1956    i.rt_sem_init       RTX_CM4.lib(rt_semaphore.o)
    0x0800aba4   0x00000034   Code   RO         1957    i.rt_sem_psh        RTX_CM4.lib(rt_semaphore.o)
    0x0800abd8   0x0000002a   Code   RO         1958    i.rt_sem_send       RTX_CM4.lib(rt_semaphore.o)
    0x0800ac02   0x00000002   PAD
    0x0800ac04   0x00000040   Code   RO         1959    i.rt_sem_wait       RTX_CM4.lib(rt_semaphore.o)
    0x0800ac44   0x00000024   Code   RO         1701    i.rt_stk_check      RTX_CM4.lib(rt_system.o)
    0x0800ac68   0x00000028   Code   RO         1612    i.rt_switch_req     RTX_CM4.lib(rt_task.o)
    0x0800ac90   0x000000cc   Code   RO         1613    i.rt_sys_init       RTX_CM4.lib(rt_task.o)
    0x0800ad5c   0x00000078   Code   RO         1614    i.rt_sys_start      RTX_CM4.lib(rt_task.o)
    0x0800add4   0x00000040   Code   RO         1703    i.rt_systick        RTX_CM4.lib(rt_system.o)
    0x0800ae14   0x00000012   Code   RO         1003    i.rt_tid2ptcb       RTX_CM4.lib(rt_cmsis.o)
    0x0800ae26   0x00000002   PAD
    0x0800ae28   0x00000034   Code   RO         1004    i.rt_timer_insert   RTX_CM4.lib(rt_cmsis.o)
    0x0800ae5c   0x00000088   Code   RO         1615    i.rt_tsk_create     RTX_CM4.lib(rt_task.o)
    0x0800aee4   0x0000017c   Code   RO         1616    i.rt_tsk_delete     RTX_CM4.lib(rt_task.o)
    0x0800b060   0x0000007c   Code   RO         1618    i.rt_tsk_prio       RTX_CM4.lib(rt_task.o)
    0x0800b0dc   0x00000010   Code   RO         1619    i.rt_tsk_self       RTX_CM4.lib(rt_task.o)
    0x0800b0ec   0x00000070   Code   RO         1007    i.svcKernelInitialize  RTX_CM4.lib(rt_cmsis.o)
    0x0800b15c   0x00000048   Code   RO         1009    i.svcKernelStart    RTX_CM4.lib(rt_cmsis.o)
    0x0800b1a4   0x00000024   Code   RO         1012    i.svcMessageCreate  RTX_CM4.lib(rt_cmsis.o)
    0x0800b1c8   0x0000003a   Code   RO         1013    i.svcMessageGet     RTX_CM4.lib(rt_cmsis.o)
    0x0800b202   0x00000024   Code   RO         1020    i.svcSemaphoreCreate  RTX_CM4.lib(rt_cmsis.o)
    0x0800b226   0x00000028   Code   RO         1022    i.svcSemaphoreRelease  RTX_CM4.lib(rt_cmsis.o)
    0x0800b24e   0x00000032   Code   RO         1023    i.svcSemaphoreWait  RTX_CM4.lib(rt_cmsis.o)
    0x0800b280   0x00000070   Code   RO         1027    i.svcThreadCreate   RTX_CM4.lib(rt_cmsis.o)
    0x0800b2f0   0x0000001c   Code   RO         1028    i.svcThreadGetId    RTX_CM4.lib(rt_cmsis.o)
    0x0800b30c   0x00000038   Code   RO         1031    i.svcThreadTerminate  RTX_CM4.lib(rt_cmsis.o)
    0x0800b344   0x00000018   Code   RO         1033    i.svcTimerCall      RTX_CM4.lib(rt_cmsis.o)
    0x0800b35c   0x0000005c   Code   RO         1042    i.sysTimerTick      RTX_CM4.lib(rt_cmsis.o)
    0x0800b3b8   0x00000014   Data   RO            5    .constdata          main.o
    0x0800b3cc   0x00000010   Data   RO          323    .constdata          thread_7_segment.o
    0x0800b3dc   0x00000010   Data   RO          360    .constdata          thread_accelerometer.o
    0x0800b3ec   0x00000010   Data   RO          392    .constdata          thread_keypad.o
    0x0800b3fc   0x00000010   Data   RO          422    .constdata          thread_temperature.o
    0x0800b40c   0x00000056   Data   RO          490    .constdata          rtx_conf_cm.o
    0x0800b462   0x00000008   Data   RO          622    .constdata          stm32f4xx_hal_dma.o
    0x0800b46a   0x00000010   Data   RO          743    .constdata          stm32f4xx_hal_rcc.o
    0x0800b47a   0x00000010   Data   RO          921    .constdata          system_stm32f4xx.o
    0x0800b48a   0x00000006   PAD
    0x0800b490   0x00000098   Data   RO         2461    .constdata          m_wm.l(atan.o)
    0x0800b528   0x00000008   Data   RO         2492    .constdata          m_wm.l(qnan.o)
    0x0800b530   0x00000020   Data   RO         2538    Region$$Table       anon$$obj.o


    Execution Region RW_IRAM1 (Base: 0x20000000, Size: 0x00002170, Max: 0x00020000, ABSOLUTE)

    Base Addr    Size         Type   Attr      Idx    E Section Name        Object

    0x20000000   0x00000058   Data   RW            6    .data               main.o
    0x20000058   0x00000006   Data   RW          208    .data               configure.o
    0x2000005e   0x00000002   PAD
    0x20000060   0x00000020   Data   RW          324    .data               thread_7_segment.o
    0x20000080   0x0000003c   Data   RW          361    .data               thread_accelerometer.o
    0x200000bc   0x00000008   Data   RW          393    .data               thread_keypad.o
    0x200000c4   0x0000000c   Data   RW          423    .data               thread_temperature.o
    0x200000d0   0x00000004   Data   RW          464    .data               lis3dsh.o
    0x200000d4   0x00000020   Data   RW          491    .data               rtx_conf_cm.o
    0x200000f4   0x00000004   Data   RW          520    .data               stm32f4xx_hal.o
    0x200000f8   0x00000004   Data   RW          922    .data               system_stm32f4xx.o
    0x200000fc   0x00000008   Data   RW         1045    .data               RTX_CM4.lib(rt_cmsis.o)
    0x20000104   0x00000004   Data   RW         1580    .data               RTX_CM4.lib(rt_time.o)
    0x20000108   0x00000008   Data   RW         1621    .data               RTX_CM4.lib(rt_task.o)
    0x20000110   0x00000008   Data   RW         1706    .data               RTX_CM4.lib(rt_system.o)
    0x20000118   0x00000001   Data   RW         2087    .data               RTX_CM4.lib(hal_cm.o)
    0x20000119   0x00000003   PAD
    0x2000011c   0x00000008   Data   RW         2135    .data               RTX_CM4.lib(rt_robin.o)
    0x20000124   0x00000004   Data   RW         2505    .data               mc_w.l(stdout.o)
    0x20000128   0x00000120   Zero   RW          207    .bss                configure.o
    0x20000248   0x00000028   Zero   RW          266    .bss                keypad.o
    0x20000270   0x0000003c   Zero   RW          359    .bss                thread_accelerometer.o
    0x200002ac   0x00000014   Zero   RW          421    .bss                thread_temperature.o
    0x200002c0   0x00000058   Zero   RW          463    .bss                lis3dsh.o
    0x20000318   0x000019f0   Zero   RW          489    .bss                rtx_conf_cm.o
    0x20001d08   0x00000034   Zero   RW         1620    .bss                RTX_CM4.lib(rt_task.o)
    0x20001d3c   0x00000030   Zero   RW         1840    .bss                RTX_CM4.lib(rt_list.o)
    0x20001d6c   0x00000004   PAD
    0x20001d70   0x00000400   Zero   RW          910    STACK               startup_stm32f407xx.o


==============================================================================

Image component sizes


      Code (inc. data)   RO Data    RW Data    ZI Data      Debug   Object Name

       888         58          0          6        288       3285   configure.o
        56          4          0          0          0      27327   fput_debug.o
       132          0          0          0          0        951   kalman_filter.o
       252         20          0          0         40       1526   keypad.o
      1472        120          0          4         88       4997   lis3dsh.o
       600         94         20         88          0     407376   main.o
        62          6         86         32       6640       7446   rtx_conf_cm.o
       956         24          0          0          0       1836   segments.o
        36          8        392          0       1024        880   startup_stm32f407xx.o
       432         26          0          4          0       4990   stm32f4xx_hal.o
      2460         70          0          0          0       7575   stm32f4xx_hal_adc.o
      1824         40          0          0          0       5694   stm32f4xx_hal_adc_ex.o
       804         20          0          0          0      32311   stm32f4xx_hal_cortex.o
      1560         16          8          0          0       5016   stm32f4xx_hal_dma.o
       972         50          0          0          0       3835   stm32f4xx_hal_gpio.o
      2636         66         16          0          0       5742   stm32f4xx_hal_rcc.o
      5528         54          0          0          0      13284   stm32f4xx_hal_spi.o
     10240        152          0          0          0      31026   stm32f4xx_hal_tim.o
      3464         26          0          0          0      11826   stm32f4xx_hal_tim_ex.o
       384        312          0          0          0        608   supporting_functions.o
       288         32         16          4          0       1699   system_stm32f4xx.o
       772         52         16         32          0       3270   thread_7_segment.o
       716         66         16         60         60       3589   thread_accelerometer.o
       280         44         16          8          0       2192   thread_keypad.o
       432         78         16         12         20       2601   thread_temperature.o

    ----------------------------------------------------------------------
     37248       1438        640        252       8160     590882   Object Totals
         0          0         32          0          0          0   (incl. Generated)
         2          0          6          2          0          0   (incl. Padding)

    ----------------------------------------------------------------------

      Code (inc. data)   RO Data    RW Data    ZI Data      Debug   Library Member Name

       268         24          0          1          0       4452   hal_cm.o
       408         34          0          0          0        816   hal_cm4.o
      1380        160          0          8          0      38720   rt_cmsis.o
        80          4          0          0          0        701   rt_event.o
       530         34          0          0         48       8597   rt_list.o
       550         10          0          0          0       4185   rt_mailbox.o
       140          0          0          0          0       2045   rt_membox.o
       128          0          0          0          0       2419   rt_memory.o
        96         22          0          8          0       1230   rt_robin.o
       186         10          0          0          0       3102   rt_semaphore.o
       298         52          0          8          0       6439   rt_system.o
      1216        174          0          8         52      10025   rt_task.o
         0          0          0          4          0        206   rt_time.o
         4          4          0          0          0        200   svc_table.o
       744        106        152          0          0        352   atan.o
       496         64          0          0          0        192   atan2.o
        72          8          0          0          0        372   dunder.o
        24          0          0          0          0        124   fabs.o
        48          0          0          0          0        124   fpclassify.o
       248          0          0          0          0        152   poly.o
         0          0          8          0          0          0   qnan.o
         0          0          0          0          0          0   entry.o
         0          0          0          0          0          0   entry10a.o
         0          0          0          0          0          0   entry11a.o
         8          4          0          0          0          0   entry2.o
         4          0          0          0          0          0   entry5.o
         0          0          0          0          0          0   entry7b.o
         0          0          0          0          0          0   entry8b.o
        30          0          0          0          0          0   handlers.o
        36          8          0          0          0         68   init.o
         0          0          0          0          0          0   iusefp.o
        30          0          0          0          0         68   llshl.o
        36          0          0          0          0         68   llsshr.o
        32          0          0          0          0         68   llushr.o
        36          0          0          0          0         68   memcpya.o
        50          8          0          0          0        152   printfb.o
         0          0          0          4          0          0   stdout.o
        56          0          0          0          0         88   d2f.o
       334          0          0          0          0        148   dadd.o
       222          0          0          0          0        100   ddiv.o
       186          0          0          0          0        176   depilogue.o
       228          0          0          0          0         96   dmul.o
        38          0          0          0          0         68   f2d.o
       110          0          0          0          0        168   fepilogue.o

    ----------------------------------------------------------------------
      8368        726        160         44        104      85789   Library Totals
        16          0          0          3          4          0   (incl. Padding)

    ----------------------------------------------------------------------

      Code (inc. data)   RO Data    RW Data    ZI Data      Debug   Library Name

      5284        528          0         37        100      83137   RTX_CM4.lib
      1632        178        160          0          0       1316   m_wm.l
       262         20          0          4          0        492   mc_w.l
      1174          0          0          0          0        844   mf_w.l

    ----------------------------------------------------------------------
      8368        726        160         44        104      85789   Library Totals

    ----------------------------------------------------------------------

==============================================================================


      Code (inc. data)   RO Data    RW Data    ZI Data      Debug   

     45616       2164        800        296       8264     662603   Grand Totals
     45616       2164        800        296       8264     662603   ELF Image Totals
     45616       2164        800        296          0          0   ROM Totals

==============================================================================

    Total RO  Size (Code + RO Data)                46416 (  45.33kB)
    Total RW  Size (RW Data + ZI Data)              8560 (   8.36kB)
    Total ROM Size (Code + RO Data + RW Data)      46712 (  45.62kB)

==============================================================================

