<html>
<body>
<pre>
<h1>µVision Build Log</h1>
<h2>Tool Versions:</h2>
IDE-Version: µVision V5.15
Copyright (C) 2015 ARM Ltd and ARM Germany GmbH. All rights reserved.
License Information: ECE-MCGILL MCGILL ECE-MCGILL Flex license: MDK-ARM Professional: 100 user(s) (mdk_pro) Operation stops: 1 Sep 2016
 
Tool Versions:
Toolchain:       MDK-ARM Professional: 100 user(s)  Version: 5.15.0
Toolchain Path:  C:\Keil_v5\ARM\ARMCC\Bin
C Compiler:      Armcc.exe V5.05 update 2 (build 169)
Assembler:       Armasm.exe V5.05 update 2 (build 169)
Linker/Locator:  ArmLink.exe V5.05 update 2 (build 169)
Library Manager: ArmAr.exe V5.05 update 2 (build 169)
Hex Converter:   FromElf.exe V5.05 update 2 (build 169)
CPU DLL:         SARMCM3.DLL V5.15.0
Dialog DLL:      DCM.DLL V1.13.2.0
Target DLL:      UL2CM3.DLL V1.155.8.0
Dialog DLL:      TCM.DLL V1.14.5.0
 
<h2>Project:</h2>
C:\Users\dsharm10\426\426-microprcessors\Base_prj\Base_Project.uvprojx
Project File Date:  02/05/2016

<h2>Output:</h2>
*** Using Compiler 'V5.05 update 2 (build 169)', folder: 'C:\Keil_v5\ARM\ARMCC\Bin'
Rebuild target 'Lab 1'
compiling main.c...
Sources\main.c(115): warning:  #9-D: nested comment is not allowed
        //************ DEMO VALUES ***************** //
Sources\main.c(116): warning:  #9-D: nested comment is not allowed
        /*printf("\n<------------Demo Values------------>\n");
Sources\main.c(119): warning:  #9-D: nested comment is not allowed
        //************ASSEMBLY testbench************ //
Sources\main.c(124): warning:  #9-D: nested comment is not allowed
        //************C filter********************** //
Sources\main.c(128): warning:  #9-D: nested comment is not allowed
        //************ Subtraction****************** //
Sources\main.c(133): warning:  #9-D: nested comment is not allowed
        //************Mean and Standard Deviation*** //
Sources\main.c(138): warning:  #9-D: nested comment is not allowed
        //************Correlation Array************* //
Sources\main.c(143): warning:  #9-D: nested comment is not allowed
        //************Convolution Array************* //
Sources\main.c(155): warning:  #9-D: nested comment is not allowed
        //************Difference Array*************** //
Sources\main.c(161): warning:  #9-D: nested comment is not allowed
        //************Mean and Standard Deviation*** //
Sources\main.c(166): warning:  #9-D: nested comment is not allowed
        //************Correlation Array************* //
Sources\main.c(171): warning:  #9-D: nested comment is not allowed
        //************Convolution Array************* //
Sources\main.c(46): warning:  #177-D: variable "OutputArrayDemo" was declared but never referenced
        float OutputArrayDemo[length_demo];
Sources\main.c(47): warning:  #177-D: variable "InputArrayDemo" was declared but never referenced
        float InputArrayDemo[length_demo];
Sources\main.c(48): warning:  #177-D: variable "StatsArrayDemo" was declared but never referenced
        float StatsArrayDemo[2];
Sources\main.c(49): warning:  #177-D: variable "DifferenceArrayDemo" was declared but never referenced
        float DifferenceArrayDemo[length_demo];
Sources\main.c(50): warning:  #177-D: variable "CorrelationArrayDemo" was declared but never referenced
        float CorrelationArrayDemo[2*length_demo - 1];
Sources\main.c(51): warning:  #177-D: variable "ConvolutionArrayDemo" was declared but never referenced
        float ConvolutionArrayDemo[2*length_demo -1];
Sources\main.c(217): warning:  #1035-D: single-precision operand implicitly converted to double-precision
        if(kstate->p == 0.0 && kstate->r == 0.0){
Sources\main.c(217): warning:  #1035-D: single-precision operand implicitly converted to double-precision
        if(kstate->p == 0.0 && kstate->r == 0.0){
Sources\main.c(263): warning:  #940-D: missing return statement at end of non-void function "calculate_stats"
  }
Sources\main.c: 21 warnings, 0 errors
assembling Assembly.s...
Sources\Assembly.s(44): warning: A1581W: Added 2 bytes of padding at address 0x6e
compiling fput_debug.c...
assembling data.s...
assembling testbench_asm.s...
testbench_asm.s(17): warning: A1581W: Added 2 bytes of padding at address 0x2e
assembling startup_stm32f407xx.s...
compiling system_stm32f4xx.c...
linking...
Program Size: Code=23108 RO-data=776 RW-data=12 ZI-data=1884  
".\Objects\Base_Project.axf" - 0 Error(s), 23 Warning(s).

<h2>Software Packages used:</h2>

Package Vendor: ARM
                http://www.keil.com/pack/ARM.CMSIS.4.5.0.pack
                ARM::CMSIS:CORE:4.3.0
                CMSIS (Cortex Microcontroller Software Interface Standard)
   * Component: CORE Version: 4.3.0
   * Component: DSP Version: 1.4.6

Package Vendor: Keil
                http://www.keil.com/pack/Keil.STM32F4xx_DFP.2.7.0.pack
                Keil::Device:Startup:2.4.2
                STMicroelectronics STM32F4 Series Device Support, Drivers and Examples
   * Component: Startup Version: 2.4.2

<h2>Collection of Component include folders:</h2>
  C:\Users\dsharm10\426\426-microprcessors\Base_prj\RTE
  C:\Keil_v5\ARM\PACK\ARM\CMSIS\4.5.0\CMSIS\Include
  C:\Keil_v5\ARM\PACK\Keil\STM32F4xx_DFP\2.7.0\Drivers\CMSIS\Device\ST\STM32F4xx\Include

<h2>Collection of Component Files used:</h2>

   * Component: ARM::CMSIS:CORE:4.3.0

   * Component: ARM::CMSIS:DSP:1.4.6
      Include file:  CMSIS\Include\arm_math.h
      Library file:  CMSIS\Lib\ARM\arm_cortexM4lf_math.lib

   * Component: Keil::Device:Startup:2.4.2
      Source file:   MDK\Device\Source\ARM\STM32F40xxx_41xxx_OPT.s
      Source file:   MDK\Device\Source\ARM\STM32F4xx_OTP.s
      Include file:  Drivers\CMSIS\Device\ST\STM32F4xx\Include\stm32f4xx.h
      Source file:   Drivers\CMSIS\Device\ST\STM32F4xx\Source\Templates\arm\startup_stm32f407xx.s
      Source file:   Drivers\CMSIS\Device\ST\STM32F4xx\Source\Templates\system_stm32f4xx.c
</pre>
</body>
</html>
