


ARM Macro Assembler    Page 1 


    1 00000000                 AREA             myData, DATA, READWRITE
    2 00000000                 EXPORT           myoutput
    3 00000000                 ALIGN
    4 00000000 00000000 
                       myoutput
                               DCFS             0.0
    5 00000004                 END
Command Line: --debug --xref --diag_suppress=9931 --cpu=Cortex-M4.fp --apcs=int
erwork --depend=.\objects\data.d -o.\objects\data.o -IC:\Users\dsharm10\426\426
-microprcessors\Base_prj\RTE -IC:\Keil_v5\ARM\PACK\ARM\CMSIS\4.5.0\CMSIS\Includ
e -IC:\Keil_v5\ARM\PACK\Keil\STM32F4xx_DFP\2.7.0\Drivers\CMSIS\Device\ST\STM32F
4xx\Include --predefine="__UVISION_VERSION SETA 515" --predefine="_RTE_ SETA 1"
 --predefine="STM32F407xx SETA 1" --list=.\listings\data.lst data.s



ARM Macro Assembler    Page 1 Alphabetic symbol ordering
Relocatable symbols

myData 00000000

Symbol: myData
   Definitions
      At line 1 in file data.s
   Uses
      None
Comment: myData unused
myoutput 00000000

Symbol: myoutput
   Definitions
      At line 4 in file data.s
   Uses
      At line 2 in file data.s
Comment: myoutput used once
2 symbols
335 symbols in table
