


ARM Macro Assembler    Page 1 


    1 00000000                 AREA             text, CODE, READONLY
    2 00000000                 EXPORT           testbench_asm
    3 00000000                 IMPORT           Kalmanfilter_asm
    4 00000000                 IMPORT           myoutput
    5 00000000         testbench_asm
    6 00000000         ; LDR R0, =myinput      ; input array
    7 00000000         ; LDR R1, =myoutput       ; output array 
    8 00000000         ; LDR R2, =mystate      ; address of state data struct 
    9 00000000         ; LDR R3, =length       ; int length
   10 00000000 F8DF C02C       LDR              R12, =Kalmanfilter_asm ; load t
                                                            he address of the f
                                                            ilter subroutine
   11 00000004 4760            BX               R12
   12 00000006         
   13 00000006 00 00           ALIGN
   14 00000008 3DCCCCCD 
              3DCCCCCD 
              00000000 
              3DCCCCCD 
              00000000 mystate DCFS             0.1, 0.1, 0.0, 0.1, 0.0
   15 0000001C 3F800000 
              3F800000 
              3F800000 
              3F800000 myinput DCFS             1.0, 1.0, 1.0, 1.0
   16 0000002C 04 00   length  DCW              4
   17 0000002E                 END
              00 00 00000000 
Command Line: --debug --xref --diag_suppress=9931 --cpu=Cortex-M4.fp --apcs=int
erwork --depend=.\objects\testbench_asm.d -o.\objects\testbench_asm.o -IC:\User
s\dsharm10\426\426-microprcessors\Base_prj\RTE -IC:\Keil_v5\ARM\PACK\ARM\CMSIS\
4.5.0\CMSIS\Include -IC:\Keil_v5\ARM\PACK\Keil\STM32F4xx_DFP\2.7.0\Drivers\CMSI
S\Device\ST\STM32F4xx\Include --predefine="__UVISION_VERSION SETA 515" --predef
ine="_RTE_ SETA 1" --predefine="STM32F407xx SETA 1" --list=.\listings\testbench
_asm.lst testbench_asm.s



ARM Macro Assembler    Page 1 Alphabetic symbol ordering
Relocatable symbols

length 0000002C

Symbol: length
   Definitions
      At line 16 in file testbench_asm.s
   Uses
      None
Comment: length unused
myinput 0000001C

Symbol: myinput
   Definitions
      At line 15 in file testbench_asm.s
   Uses
      None
Comment: myinput unused
mystate 00000008

Symbol: mystate
   Definitions
      At line 14 in file testbench_asm.s
   Uses
      None
Comment: mystate unused
testbench_asm 00000000

Symbol: testbench_asm
   Definitions
      At line 5 in file testbench_asm.s
   Uses
      At line 2 in file testbench_asm.s
Comment: testbench_asm used once
text 00000000

Symbol: text
   Definitions
      At line 1 in file testbench_asm.s
   Uses
      None
Comment: text unused
5 symbols



ARM Macro Assembler    Page 1 Alphabetic symbol ordering
External symbols

Kalmanfilter_asm 00000000

Symbol: Kalmanfilter_asm
   Definitions
      At line 3 in file testbench_asm.s
   Uses
      At line 10 in file testbench_asm.s
Comment: Kalmanfilter_asm used once
myoutput 00000000

Symbol: myoutput
   Definitions
      At line 4 in file testbench_asm.s
   Uses
      None
Comment: myoutput unused
2 symbols
343 symbols in table
