Component: ARM Compiler 5.05 update 2 (build 169) Tool: armlink [4d0f33]

==============================================================================

Section Cross References

    startup_stm32f407xx.o(STACK) refers (Special) to heapauxi.o(.text) for __use_two_region_memory
    startup_stm32f407xx.o(HEAP) refers (Special) to heapauxi.o(.text) for __use_two_region_memory
    startup_stm32f407xx.o(RESET) refers (Special) to heapauxi.o(.text) for __use_two_region_memory
    startup_stm32f407xx.o(RESET) refers to startup_stm32f407xx.o(STACK) for __initial_sp
    startup_stm32f407xx.o(RESET) refers to startup_stm32f407xx.o(.text) for Reset_Handler
    startup_stm32f407xx.o(.text) refers (Special) to heapauxi.o(.text) for __use_two_region_memory
    startup_stm32f407xx.o(.text) refers to first_asm.o(text) for example1
    startup_stm32f407xx.o(.text) refers to startup_stm32f407xx.o(HEAP) for Heap_Mem
    startup_stm32f407xx.o(.text) refers to startup_stm32f407xx.o(STACK) for Stack_Mem
    system_stm32f4xx.o(i.SystemCoreClockUpdate) refers to system_stm32f4xx.o(.data) for SystemCoreClock
    system_stm32f4xx.o(i.SystemCoreClockUpdate) refers to system_stm32f4xx.o(.constdata) for AHBPrescTable


==============================================================================

Image Symbol Table

    Local Symbols

    Symbol Name                              Value     Ov Type        Size  Object(Section)

    ../clib/heapaux.c                        0x00000000   Number         0  heapauxi.o ABSOLUTE
    RTE\Device\STM32F407VGTx\startup_stm32f407xx.s 0x00000000   Number         0  startup_stm32f407xx.o ABSOLUTE
    RTE\Device\STM32F407VGTx\system_stm32f4xx.c 0x00000000   Number         0  system_stm32f4xx.o ABSOLUTE
    RTE\\Device\\STM32F407VGTx\\system_stm32f4xx.c 0x00000000   Number         0  system_stm32f4xx.o ABSOLUTE
    dc.s                                     0x00000000   Number         0  dc.o ABSOLUTE
    first_asm.s                              0x00000000   Number         0  first_asm.o ABSOLUTE
    RESET                                    0x08000000   Section      392  startup_stm32f407xx.o(RESET)
    .rev16_text                              0x08000188   Section        4  system_stm32f4xx.o(.rev16_text)
    $v0                                      0x08000188   Number         0  system_stm32f4xx.o(.rev16_text)
    .revsh_text                              0x0800018c   Section        4  system_stm32f4xx.o(.revsh_text)
    $v0                                      0x0800018c   Number         0  system_stm32f4xx.o(.revsh_text)
    .rrx_text                                0x08000190   Section        6  system_stm32f4xx.o(.rrx_text)
    $v0                                      0x08000190   Number         0  system_stm32f4xx.o(.rrx_text)
    .text                                    0x08000198   Section       56  startup_stm32f407xx.o(.text)
    $v0                                      0x08000198   Number         0  startup_stm32f407xx.o(.text)
    .text                                    0x080001d0   Section        0  heapauxi.o(.text)
    i.SystemCoreClockUpdate                  0x080001d8   Section        0  system_stm32f4xx.o(i.SystemCoreClockUpdate)
    i.SystemInit                             0x08000298   Section        0  system_stm32f4xx.o(i.SystemInit)
    text                                     0x080002fc   Section       12  first_asm.o(text)
    $v0                                      0x080002fc   Number         0  first_asm.o(text)
    .constdata                               0x08000308   Section       16  system_stm32f4xx.o(.constdata)
    .data                                    0x20000000   Section        4  system_stm32f4xx.o(.data)
    HEAP                                     0x20000008   Section      512  startup_stm32f407xx.o(HEAP)
    Heap_Mem                                 0x20000008   Data         512  startup_stm32f407xx.o(HEAP)
    STACK                                    0x20000208   Section     1024  startup_stm32f407xx.o(STACK)
    Stack_Mem                                0x20000208   Data        1024  startup_stm32f407xx.o(STACK)
    __initial_sp                             0x20000608   Data           0  startup_stm32f407xx.o(STACK)

    Global Symbols

    Symbol Name                              Value     Ov Type        Size  Object(Section)

    BuildAttributes$$THM_ISAv4$E$P$D$K$B$S$7EM$VFPi3$EXTD16$VFPS$VFMA$PE$A:L22UL41UL21$X:L11$S22US41US21$IEEE1$IW$USESV6$~STKCKD$USESV7$~SHL$OSPACE$ROPI$EBA8$STANDARDLIB$REQ8$PRES8$EABIv2 0x00000000   Number         0  anon$$obj.o ABSOLUTE
    __Vectors_Size                           0x00000188   Number         0  startup_stm32f407xx.o ABSOLUTE
    __Vectors                                0x08000000   Data           4  startup_stm32f407xx.o(RESET)
    __Vectors_End                            0x08000188   Data           0  startup_stm32f407xx.o(RESET)
    __asm___18_system_stm32f4xx_c_5d646a67____REV16 0x08000189   Thumb Code     4  system_stm32f4xx.o(.rev16_text)
    __asm___18_system_stm32f4xx_c_5d646a67____REVSH 0x0800018d   Thumb Code     4  system_stm32f4xx.o(.revsh_text)
    __asm___18_system_stm32f4xx_c_5d646a67____RRX 0x08000191   Thumb Code     6  system_stm32f4xx.o(.rrx_text)
    Reset_Handler                            0x08000199   Thumb Code     4  startup_stm32f407xx.o(.text)
    NMI_Handler                              0x0800019d   Thumb Code     2  startup_stm32f407xx.o(.text)
    HardFault_Handler                        0x0800019f   Thumb Code     2  startup_stm32f407xx.o(.text)
    MemManage_Handler                        0x080001a1   Thumb Code     2  startup_stm32f407xx.o(.text)
    BusFault_Handler                         0x080001a3   Thumb Code     2  startup_stm32f407xx.o(.text)
    UsageFault_Handler                       0x080001a5   Thumb Code     2  startup_stm32f407xx.o(.text)
    SVC_Handler                              0x080001a7   Thumb Code     2  startup_stm32f407xx.o(.text)
    DebugMon_Handler                         0x080001a9   Thumb Code     2  startup_stm32f407xx.o(.text)
    PendSV_Handler                           0x080001ab   Thumb Code     2  startup_stm32f407xx.o(.text)
    SysTick_Handler                          0x080001ad   Thumb Code     2  startup_stm32f407xx.o(.text)
    ADC_IRQHandler                           0x080001af   Thumb Code     0  startup_stm32f407xx.o(.text)
    CAN1_RX0_IRQHandler                      0x080001af   Thumb Code     0  startup_stm32f407xx.o(.text)
    CAN1_RX1_IRQHandler                      0x080001af   Thumb Code     0  startup_stm32f407xx.o(.text)
    CAN1_SCE_IRQHandler                      0x080001af   Thumb Code     0  startup_stm32f407xx.o(.text)
    CAN1_TX_IRQHandler                       0x080001af   Thumb Code     0  startup_stm32f407xx.o(.text)
    CAN2_RX0_IRQHandler                      0x080001af   Thumb Code     0  startup_stm32f407xx.o(.text)
    CAN2_RX1_IRQHandler                      0x080001af   Thumb Code     0  startup_stm32f407xx.o(.text)
    CAN2_SCE_IRQHandler                      0x080001af   Thumb Code     0  startup_stm32f407xx.o(.text)
    CAN2_TX_IRQHandler                       0x080001af   Thumb Code     0  startup_stm32f407xx.o(.text)
    DCMI_IRQHandler                          0x080001af   Thumb Code     0  startup_stm32f407xx.o(.text)
    DMA1_Stream0_IRQHandler                  0x080001af   Thumb Code     0  startup_stm32f407xx.o(.text)
    DMA1_Stream1_IRQHandler                  0x080001af   Thumb Code     0  startup_stm32f407xx.o(.text)
    DMA1_Stream2_IRQHandler                  0x080001af   Thumb Code     0  startup_stm32f407xx.o(.text)
    DMA1_Stream3_IRQHandler                  0x080001af   Thumb Code     0  startup_stm32f407xx.o(.text)
    DMA1_Stream4_IRQHandler                  0x080001af   Thumb Code     0  startup_stm32f407xx.o(.text)
    DMA1_Stream5_IRQHandler                  0x080001af   Thumb Code     0  startup_stm32f407xx.o(.text)
    DMA1_Stream6_IRQHandler                  0x080001af   Thumb Code     0  startup_stm32f407xx.o(.text)
    DMA1_Stream7_IRQHandler                  0x080001af   Thumb Code     0  startup_stm32f407xx.o(.text)
    DMA2_Stream0_IRQHandler                  0x080001af   Thumb Code     0  startup_stm32f407xx.o(.text)
    DMA2_Stream1_IRQHandler                  0x080001af   Thumb Code     0  startup_stm32f407xx.o(.text)
    DMA2_Stream2_IRQHandler                  0x080001af   Thumb Code     0  startup_stm32f407xx.o(.text)
    DMA2_Stream3_IRQHandler                  0x080001af   Thumb Code     0  startup_stm32f407xx.o(.text)
    DMA2_Stream4_IRQHandler                  0x080001af   Thumb Code     0  startup_stm32f407xx.o(.text)
    DMA2_Stream5_IRQHandler                  0x080001af   Thumb Code     0  startup_stm32f407xx.o(.text)
    DMA2_Stream6_IRQHandler                  0x080001af   Thumb Code     0  startup_stm32f407xx.o(.text)
    DMA2_Stream7_IRQHandler                  0x080001af   Thumb Code     0  startup_stm32f407xx.o(.text)
    ETH_IRQHandler                           0x080001af   Thumb Code     0  startup_stm32f407xx.o(.text)
    ETH_WKUP_IRQHandler                      0x080001af   Thumb Code     0  startup_stm32f407xx.o(.text)
    EXTI0_IRQHandler                         0x080001af   Thumb Code     0  startup_stm32f407xx.o(.text)
    EXTI15_10_IRQHandler                     0x080001af   Thumb Code     0  startup_stm32f407xx.o(.text)
    EXTI1_IRQHandler                         0x080001af   Thumb Code     0  startup_stm32f407xx.o(.text)
    EXTI2_IRQHandler                         0x080001af   Thumb Code     0  startup_stm32f407xx.o(.text)
    EXTI3_IRQHandler                         0x080001af   Thumb Code     0  startup_stm32f407xx.o(.text)
    EXTI4_IRQHandler                         0x080001af   Thumb Code     0  startup_stm32f407xx.o(.text)
    EXTI9_5_IRQHandler                       0x080001af   Thumb Code     0  startup_stm32f407xx.o(.text)
    FLASH_IRQHandler                         0x080001af   Thumb Code     0  startup_stm32f407xx.o(.text)
    FMC_IRQHandler                           0x080001af   Thumb Code     0  startup_stm32f407xx.o(.text)
    FPU_IRQHandler                           0x080001af   Thumb Code     0  startup_stm32f407xx.o(.text)
    HASH_RNG_IRQHandler                      0x080001af   Thumb Code     0  startup_stm32f407xx.o(.text)
    I2C1_ER_IRQHandler                       0x080001af   Thumb Code     0  startup_stm32f407xx.o(.text)
    I2C1_EV_IRQHandler                       0x080001af   Thumb Code     0  startup_stm32f407xx.o(.text)
    I2C2_ER_IRQHandler                       0x080001af   Thumb Code     0  startup_stm32f407xx.o(.text)
    I2C2_EV_IRQHandler                       0x080001af   Thumb Code     0  startup_stm32f407xx.o(.text)
    I2C3_ER_IRQHandler                       0x080001af   Thumb Code     0  startup_stm32f407xx.o(.text)
    I2C3_EV_IRQHandler                       0x080001af   Thumb Code     0  startup_stm32f407xx.o(.text)
    OTG_FS_IRQHandler                        0x080001af   Thumb Code     0  startup_stm32f407xx.o(.text)
    OTG_FS_WKUP_IRQHandler                   0x080001af   Thumb Code     0  startup_stm32f407xx.o(.text)
    OTG_HS_EP1_IN_IRQHandler                 0x080001af   Thumb Code     0  startup_stm32f407xx.o(.text)
    OTG_HS_EP1_OUT_IRQHandler                0x080001af   Thumb Code     0  startup_stm32f407xx.o(.text)
    OTG_HS_IRQHandler                        0x080001af   Thumb Code     0  startup_stm32f407xx.o(.text)
    OTG_HS_WKUP_IRQHandler                   0x080001af   Thumb Code     0  startup_stm32f407xx.o(.text)
    PVD_IRQHandler                           0x080001af   Thumb Code     0  startup_stm32f407xx.o(.text)
    RCC_IRQHandler                           0x080001af   Thumb Code     0  startup_stm32f407xx.o(.text)
    RTC_Alarm_IRQHandler                     0x080001af   Thumb Code     0  startup_stm32f407xx.o(.text)
    RTC_WKUP_IRQHandler                      0x080001af   Thumb Code     0  startup_stm32f407xx.o(.text)
    SDIO_IRQHandler                          0x080001af   Thumb Code     0  startup_stm32f407xx.o(.text)
    SPI1_IRQHandler                          0x080001af   Thumb Code     0  startup_stm32f407xx.o(.text)
    SPI2_IRQHandler                          0x080001af   Thumb Code     0  startup_stm32f407xx.o(.text)
    SPI3_IRQHandler                          0x080001af   Thumb Code     0  startup_stm32f407xx.o(.text)
    TAMP_STAMP_IRQHandler                    0x080001af   Thumb Code     0  startup_stm32f407xx.o(.text)
    TIM1_BRK_TIM9_IRQHandler                 0x080001af   Thumb Code     0  startup_stm32f407xx.o(.text)
    TIM1_CC_IRQHandler                       0x080001af   Thumb Code     0  startup_stm32f407xx.o(.text)
    TIM1_TRG_COM_TIM11_IRQHandler            0x080001af   Thumb Code     0  startup_stm32f407xx.o(.text)
    TIM1_UP_TIM10_IRQHandler                 0x080001af   Thumb Code     0  startup_stm32f407xx.o(.text)
    TIM2_IRQHandler                          0x080001af   Thumb Code     0  startup_stm32f407xx.o(.text)
    TIM3_IRQHandler                          0x080001af   Thumb Code     0  startup_stm32f407xx.o(.text)
    TIM4_IRQHandler                          0x080001af   Thumb Code     0  startup_stm32f407xx.o(.text)
    TIM5_IRQHandler                          0x080001af   Thumb Code     0  startup_stm32f407xx.o(.text)
    TIM6_DAC_IRQHandler                      0x080001af   Thumb Code     0  startup_stm32f407xx.o(.text)
    TIM7_IRQHandler                          0x080001af   Thumb Code     0  startup_stm32f407xx.o(.text)
    TIM8_BRK_TIM12_IRQHandler                0x080001af   Thumb Code     0  startup_stm32f407xx.o(.text)
    TIM8_CC_IRQHandler                       0x080001af   Thumb Code     0  startup_stm32f407xx.o(.text)
    TIM8_TRG_COM_TIM14_IRQHandler            0x080001af   Thumb Code     0  startup_stm32f407xx.o(.text)
    TIM8_UP_TIM13_IRQHandler                 0x080001af   Thumb Code     0  startup_stm32f407xx.o(.text)
    UART4_IRQHandler                         0x080001af   Thumb Code     0  startup_stm32f407xx.o(.text)
    UART5_IRQHandler                         0x080001af   Thumb Code     0  startup_stm32f407xx.o(.text)
    USART1_IRQHandler                        0x080001af   Thumb Code     0  startup_stm32f407xx.o(.text)
    USART2_IRQHandler                        0x080001af   Thumb Code     0  startup_stm32f407xx.o(.text)
    USART3_IRQHandler                        0x080001af   Thumb Code     0  startup_stm32f407xx.o(.text)
    USART6_IRQHandler                        0x080001af   Thumb Code     0  startup_stm32f407xx.o(.text)
    WWDG_IRQHandler                          0x080001af   Thumb Code     0  startup_stm32f407xx.o(.text)
    __user_initial_stackheap                 0x080001b1   Thumb Code     0  startup_stm32f407xx.o(.text)
    __use_two_region_memory                  0x080001d1   Thumb Code     2  heapauxi.o(.text)
    __rt_heap_escrow$2region                 0x080001d3   Thumb Code     2  heapauxi.o(.text)
    __rt_heap_expand$2region                 0x080001d5   Thumb Code     2  heapauxi.o(.text)
    SystemCoreClockUpdate                    0x080001d9   Thumb Code   170  system_stm32f4xx.o(i.SystemCoreClockUpdate)
    SystemInit                               0x08000299   Thumb Code    82  system_stm32f4xx.o(i.SystemInit)
    example1                                 0x080002fd   Thumb Code     0  first_asm.o(text)
    AHBPrescTable                            0x08000308   Data          16  system_stm32f4xx.o(.constdata)
    SystemCoreClock                          0x20000000   Data           4  system_stm32f4xx.o(.data)



==============================================================================

Memory Map of the image

  Image entry point : Not specified.

  Load Region LR_IROM1 (Base: 0x08000000, Size: 0x0000031c, Max: 0x00100000, ABSOLUTE)

    Execution Region ER_IROM1 (Base: 0x08000000, Size: 0x00000318, Max: 0x00100000, ABSOLUTE)

    Base Addr    Size         Type   Attr      Idx    E Section Name        Object

    0x08000000   0x00000188   Data   RO            8    RESET               startup_stm32f407xx.o
    0x08000188   0x00000004   Code   RO           13    .rev16_text         system_stm32f4xx.o
    0x0800018c   0x00000004   Code   RO           14    .revsh_text         system_stm32f4xx.o
    0x08000190   0x00000006   Code   RO           15    .rrx_text           system_stm32f4xx.o
    0x08000196   0x00000002   PAD
    0x08000198   0x00000038   Code   RO            9    .text               startup_stm32f407xx.o
    0x080001d0   0x00000006   Code   RO           78    .text               c_w.l(heapauxi.o)
    0x080001d6   0x00000002   PAD
    0x080001d8   0x000000c0   Code   RO           16    i.SystemCoreClockUpdate  system_stm32f4xx.o
    0x08000298   0x00000064   Code   RO           17    i.SystemInit        system_stm32f4xx.o
    0x080002fc   0x0000000c   Code   RO            1    text                first_asm.o
    0x08000308   0x00000010   Data   RO           18    .constdata          system_stm32f4xx.o


    Execution Region RW_IRAM1 (Base: 0x20000000, Size: 0x00000608, Max: 0x00020000, ABSOLUTE)

    Base Addr    Size         Type   Attr      Idx    E Section Name        Object

    0x20000000   0x00000004   Data   RW           19    .data               system_stm32f4xx.o
    0x20000004   0x00000004   PAD
    0x20000008   0x00000200   Zero   RW            7    HEAP                startup_stm32f407xx.o
    0x20000208   0x00000400   Zero   RW            6    STACK               startup_stm32f407xx.o


==============================================================================

Image component sizes


      Code (inc. data)   RO Data    RW Data    ZI Data      Debug   Object Name

        12          0          0          0          0        224   first_asm.o
        56         22        392          0       1536        836   startup_stm32f407xx.o
       306         40         16          4          0       7773   system_stm32f4xx.o

    ----------------------------------------------------------------------
       376         62        408          4       1540       8833   Object Totals
         0          0          0          0          0          0   (incl. Generated)
         2          0          0          0          4          0   (incl. Padding)

    ----------------------------------------------------------------------

      Code (inc. data)   RO Data    RW Data    ZI Data      Debug   Library Member Name

         6          0          0          0          0        152   heapauxi.o

    ----------------------------------------------------------------------
         8          0          0          0          0        152   Library Totals
         2          0          0          0          0          0   (incl. Padding)

    ----------------------------------------------------------------------

      Code (inc. data)   RO Data    RW Data    ZI Data      Debug   Library Name

         6          0          0          0          0        152   c_w.l

    ----------------------------------------------------------------------
         8          0          0          0          0        152   Library Totals

    ----------------------------------------------------------------------

==============================================================================


      Code (inc. data)   RO Data    RW Data    ZI Data      Debug   

       384         62        408          4       1540       8685   Grand Totals
       384         62        408          4       1540       8685   ELF Image Totals
       384         62        408          4          0          0   ROM Totals

==============================================================================

    Total RO  Size (Code + RO Data)                  792 (   0.77kB)
    Total RW  Size (RW Data + ZI Data)              1544 (   1.51kB)
    Total ROM Size (Code + RO Data + RW Data)        796 (   0.78kB)

==============================================================================

